Archive member included to satisfy reference by file (symbol)

c:/st/stm32cubeide_1.8.0/stm32cubeide/plugins/com.st.stm32cube.ide.mcu.externaltools.gnu-tools-for-stm32.9-2020-q2-update.win32_2.0.0.202105311346/tools/bin/../lib/gcc/arm-none-eabi/9.3.1/../../../../arm-none-eabi/lib/thumb/v6-m/nofp\libc_nano.a(lib_a-errno.o)
                              ./Application/SW4STM32/syscalls.o (__errno)
c:/st/stm32cubeide_1.8.0/stm32cubeide/plugins/com.st.stm32cube.ide.mcu.externaltools.gnu-tools-for-stm32.9-2020-q2-update.win32_2.0.0.202105311346/tools/bin/../lib/gcc/arm-none-eabi/9.3.1/../../../../arm-none-eabi/lib/thumb/v6-m/nofp\libc_nano.a(lib_a-exit.o)
                              c:/st/stm32cubeide_1.8.0/stm32cubeide/plugins/com.st.stm32cube.ide.mcu.externaltools.gnu-tools-for-stm32.9-2020-q2-update.win32_2.0.0.202105311346/tools/bin/../lib/gcc/arm-none-eabi/9.3.1/../../../../arm-none-eabi/lib/thumb/v6-m/nofp/crt0.o (exit)
c:/st/stm32cubeide_1.8.0/stm32cubeide/plugins/com.st.stm32cube.ide.mcu.externaltools.gnu-tools-for-stm32.9-2020-q2-update.win32_2.0.0.202105311346/tools/bin/../lib/gcc/arm-none-eabi/9.3.1/../../../../arm-none-eabi/lib/thumb/v6-m/nofp\libc_nano.a(lib_a-impure.o)
                              c:/st/stm32cubeide_1.8.0/stm32cubeide/plugins/com.st.stm32cube.ide.mcu.externaltools.gnu-tools-for-stm32.9-2020-q2-update.win32_2.0.0.202105311346/tools/bin/../lib/gcc/arm-none-eabi/9.3.1/../../../../arm-none-eabi/lib/thumb/v6-m/nofp\libc_nano.a(lib_a-exit.o) (_global_impure_ptr)
c:/st/stm32cubeide_1.8.0/stm32cubeide/plugins/com.st.stm32cube.ide.mcu.externaltools.gnu-tools-for-stm32.9-2020-q2-update.win32_2.0.0.202105311346/tools/bin/../lib/gcc/arm-none-eabi/9.3.1/../../../../arm-none-eabi/lib/thumb/v6-m/nofp\libc_nano.a(lib_a-init.o)
                              c:/st/stm32cubeide_1.8.0/stm32cubeide/plugins/com.st.stm32cube.ide.mcu.externaltools.gnu-tools-for-stm32.9-2020-q2-update.win32_2.0.0.202105311346/tools/bin/../lib/gcc/arm-none-eabi/9.3.1/../../../../arm-none-eabi/lib/thumb/v6-m/nofp/crt0.o (__libc_init_array)
c:/st/stm32cubeide_1.8.0/stm32cubeide/plugins/com.st.stm32cube.ide.mcu.externaltools.gnu-tools-for-stm32.9-2020-q2-update.win32_2.0.0.202105311346/tools/bin/../lib/gcc/arm-none-eabi/9.3.1/../../../../arm-none-eabi/lib/thumb/v6-m/nofp\libc_nano.a(lib_a-memcpy-stub.o)
                              ./Application/App/subghz_phy_app.o (memcpy)
c:/st/stm32cubeide_1.8.0/stm32cubeide/plugins/com.st.stm32cube.ide.mcu.externaltools.gnu-tools-for-stm32.9-2020-q2-update.win32_2.0.0.202105311346/tools/bin/../lib/gcc/arm-none-eabi/9.3.1/../../../../arm-none-eabi/lib/thumb/v6-m/nofp\libc_nano.a(lib_a-memset.o)
                              c:/st/stm32cubeide_1.8.0/stm32cubeide/plugins/com.st.stm32cube.ide.mcu.externaltools.gnu-tools-for-stm32.9-2020-q2-update.win32_2.0.0.202105311346/tools/bin/../lib/gcc/arm-none-eabi/9.3.1/../../../../arm-none-eabi/lib/thumb/v6-m/nofp/crt0.o (memset)
c:/st/stm32cubeide_1.8.0/stm32cubeide/plugins/com.st.stm32cube.ide.mcu.externaltools.gnu-tools-for-stm32.9-2020-q2-update.win32_2.0.0.202105311346/tools/bin/../lib/gcc/arm-none-eabi/9.3.1/../../../../arm-none-eabi/lib/thumb/v6-m/nofp\libc_nano.a(lib_a-printf.o)
                              ./Application/Core/main.o (printf)
c:/st/stm32cubeide_1.8.0/stm32cubeide/plugins/com.st.stm32cube.ide.mcu.externaltools.gnu-tools-for-stm32.9-2020-q2-update.win32_2.0.0.202105311346/tools/bin/../lib/gcc/arm-none-eabi/9.3.1/../../../../arm-none-eabi/lib/thumb/v6-m/nofp\libc_nano.a(lib_a-strlen.o)
                              ./Application/Core/sys_app.o (strlen)
c:/st/stm32cubeide_1.8.0/stm32cubeide/plugins/com.st.stm32cube.ide.mcu.externaltools.gnu-tools-for-stm32.9-2020-q2-update.win32_2.0.0.202105311346/tools/bin/../lib/gcc/arm-none-eabi/9.3.1/../../../../arm-none-eabi/lib/thumb/v6-m/nofp\libc_nano.a(lib_a-strncmp.o)
                              ./Application/App/subghz_phy_app.o (strncmp)
c:/st/stm32cubeide_1.8.0/stm32cubeide/plugins/com.st.stm32cube.ide.mcu.externaltools.gnu-tools-for-stm32.9-2020-q2-update.win32_2.0.0.202105311346/tools/bin/../lib/gcc/arm-none-eabi/9.3.1/../../../../arm-none-eabi/lib/thumb/v6-m/nofp\libc_nano.a(lib_a-findfp.o)
                              c:/st/stm32cubeide_1.8.0/stm32cubeide/plugins/com.st.stm32cube.ide.mcu.externaltools.gnu-tools-for-stm32.9-2020-q2-update.win32_2.0.0.202105311346/tools/bin/../lib/gcc/arm-none-eabi/9.3.1/../../../../arm-none-eabi/lib/thumb/v6-m/nofp\libc_nano.a(lib_a-printf.o) (__sinit)
c:/st/stm32cubeide_1.8.0/stm32cubeide/plugins/com.st.stm32cube.ide.mcu.externaltools.gnu-tools-for-stm32.9-2020-q2-update.win32_2.0.0.202105311346/tools/bin/../lib/gcc/arm-none-eabi/9.3.1/../../../../arm-none-eabi/lib/thumb/v6-m/nofp\libc_nano.a(lib_a-fwalk.o)
[...]
Memory Configuration

Name             Origin             Length             Attributes
FLASH            0x0000000008000000 0x0000000000030000 xr
RAM              0x0000000020000000 0x0000000000005000 xrw
*default*        0x0000000000000000 0xffffffffffffffff

Linker script and memory map

LOAD c:/st/stm32cubeide_1.8.0/stm32cubeide/plugins/com.st.stm32cube.ide.mcu.externaltools.gnu-tools-for-stm32.9-2020-q2-update.win32_2.0.0.202105311346/tools/bin/../lib/gcc/arm-none-eabi/9.3.1/thumb/v6-m/nofp/crti.o
LOAD c:/st/stm32cubeide_1.8.0/stm32cubeide/plugins/com.st.stm32cube.ide.mcu.externaltools.gnu-tools-for-stm32.9-2020-q2-update.win32_2.0.0.202105311346/tools/bin/../lib/gcc/arm-none-eabi/9.3.1/thumb/v6-m/nofp/crtbegin.o
LOAD c:/st/stm32cubeide_1.8.0/stm32cubeide/plugins/com.st.stm32cube.ide.mcu.externaltools.gnu-tools-for-stm32.9-2020-q2-update.win32_2.0.0.202105311346/tools/bin/../lib/gcc/arm-none-eabi/9.3.1/../../../../arm-none-eabi/lib/thumb/v6-m/nofp/crt0.o
LOAD ./Application/App/app_subghz_phy.o
LOAD ./Application/App/leds_control.o
LOAD ./Application/App/subghz_phy_app.o
LOAD ./Application/Core/dma.o
LOAD ./Application/Core/main.o
LOAD ./Application/Core/rtc.o
LOAD ./Application/Core/rtc_if.o
LOAD ./Application/Core/stm32_lpm_if.o
LOAD ./Application/Core/stm32l0xx_hal_msp.o
LOAD ./Application/Core/stm32l0xx_it.o
LOAD ./Application/Core/sys_app.o
LOAD ./Application/Core/sys_debug.o
LOAD ./Application/Core/usart.o
LOAD ./Application/Core/usart_if.o
LOAD ./Application/SW4STM32/startup_stm32l072xx.o
LOAD ./Application/SW4STM32/syscalls.o
LOAD ./Application/Target/b_l072z_lrwan1_bus.o
LOAD ./Drivers/BSP/B-L072Z-LRWAN1/b-l072z-lrwan1.o
LOAD ./Drivers/BSP/MurataSx126xModule/muratasx126xmodule.o
LOAD ./Drivers/CMSIS/system_stm32l0xx.o
LOAD ./Drivers/STM32L0xx_HAL_Driver/stm32l0xx_hal.o
LOAD ./Drivers/STM32L0xx_HAL_Driver/stm32l0xx_hal_adc.o
LOAD ./Drivers/STM32L0xx_HAL_Driver/stm32l0xx_hal_adc_ex.o
LOAD ./Drivers/STM32L0xx_HAL_Driver/stm32l0xx_hal_cortex.o
LOAD ./Drivers/STM32L0xx_HAL_Driver/stm32l0xx_hal_dma.o
LOAD ./Drivers/STM32L0xx_HAL_Driver/stm32l0xx_hal_exti.o
LOAD ./Drivers/STM32L0xx_HAL_Driver/stm32l0xx_hal_gpio.o
LOAD ./Drivers/STM32L0xx_HAL_Driver/stm32l0xx_hal_i2c.o
LOAD ./Drivers/STM32L0xx_HAL_Driver/stm32l0xx_hal_pwr.o
LOAD ./Drivers/STM32L0xx_HAL_Driver/stm32l0xx_hal_pwr_ex.o
LOAD ./Drivers/STM32L0xx_HAL_Driver/stm32l0xx_hal_rcc.o
LOAD ./Drivers/STM32L0xx_HAL_Driver/stm32l0xx_hal_rcc_ex.o
LOAD ./Drivers/STM32L0xx_HAL_Driver/stm32l0xx_hal_rtc.o
LOAD ./Drivers/STM32L0xx_HAL_Driver/stm32l0xx_hal_rtc_ex.o
LOAD ./Drivers/STM32L0xx_HAL_Driver/stm32l0xx_hal_spi.o
LOAD ./Drivers/STM32L0xx_HAL_Driver/stm32l0xx_hal_tim.o
LOAD ./Drivers/STM32L0xx_HAL_Driver/stm32l0xx_hal_tim_ex.o
LOAD ./Drivers/STM32L0xx_HAL_Driver/stm32l0xx_hal_uart.o
LOAD ./Drivers/STM32L0xx_HAL_Driver/stm32l0xx_hal_uart_ex.o
LOAD ./Middlewares/SubGHz_Phy/radio.o
LOAD ./Middlewares/SubGHz_Phy/sx126x.o
LOAD ./Utilities/stm32_adv_trace.o
LOAD ./Utilities/stm32_lpm.o
LOAD ./Utilities/stm32_mem.o
LOAD ./Utilities/stm32_seq.o
LOAD ./Utilities/stm32_systime.o
LOAD ./Utilities/stm32_timer.o
LOAD ./Utilities/stm32_tiny_vsnprintf.o
START GROUP
LOAD c:/st/stm32cubeide_1.8.0/stm32cubeide/plugins/com.st.stm32cube.ide.mcu.externaltools.gnu-tools-for-stm32.9-2020-q2-update.win32_2.0.0.202105311346/tools/bin/../lib/gcc/arm-none-eabi/9.3.1/../../../../arm-none-eabi/lib/thumb/v6-m/nofp\libc_nano.a
LOAD c:/st/stm32cubeide_1.8.0/stm32cubeide/plugins/com.st.stm32cube.ide.mcu.externaltools.gnu-tools-for-stm32.9-2020-q2-update.win32_2.0.0.202105311346/tools/bin/../lib/gcc/arm-none-eabi/9.3.1/../../../../arm-none-eabi/lib/thumb/v6-m/nofp\libm.a
END GROUP
START GROUP
LOAD c:/st/stm32cubeide_1.8.0/stm32cubeide/plugins/com.st.stm32cube.ide.mcu.externaltools.gnu-tools-for-stm32.9-2020-q2-update.win32_2.0.0.202105311346/tools/bin/../lib/gcc/arm-none-eabi/9.3.1/thumb/v6-m/nofp\libgcc.a
LOAD c:/st/stm32cubeide_1.8.0/stm32cubeide/plugins/com.st.stm32cube.ide.mcu.externaltools.gnu-tools-for-stm32.9-2020-q2-update.win32_2.0.0.202105311346/tools/bin/../lib/gcc/arm-none-eabi/9.3.1/../../../../arm-none-eabi/lib/thumb/v6-m/nofp\libc_nano.a
END GROUP
START GROUP
LOAD c:/st/stm32cubeide_1.8.0/stm32cubeide/plugins/com.st.stm32cube.ide.mcu.externaltools.gnu-tools-for-stm32.9-2020-q2-update.win32_2.0.0.202105311346/tools/bin/../lib/gcc/arm-none-eabi/9.3.1/thumb/v6-m/nofp\libgcc.a
LOAD c:/st/stm32cubeide_1.8.0/stm32cubeide/plugins/com.st.stm32cube.ide.mcu.externaltools.gnu-tools-for-stm32.9-2020-q2-update.win32_2.0.0.202105311346/tools/bin/../lib/gcc/arm-none-eabi/9.3.1/../../../../arm-none-eabi/lib/thumb/v6-m/nofp\libc_nano.a
LOAD c:/st/stm32cubeide_1.8.0/stm32cubeide/plugins/com.st.stm32cube.ide.mcu.externaltools.gnu-tools-for-stm32.9-2020-q2-update.win32_2.0.0.202105311346/tools/bin/../lib/gcc/arm-none-eabi/9.3.1/../../../../arm-none-eabi/lib/thumb/v6-m/nofp\libnosys.a
END GROUP
START GROUP
LOAD c:/st/stm32cubeide_1.8.0/stm32cubeide/plugins/com.st.stm32cube.ide.mcu.externaltools.gnu-tools-for-stm32.9-2020-q2-update.win32_2.0.0.202105311346/tools/bin/../lib/gcc/arm-none-eabi/9.3.1/thumb/v6-m/nofp\libgcc.a
LOAD c:/st/stm32cubeide_1.8.0/stm32cubeide/plugins/com.st.stm32cube.ide.mcu.externaltools.gnu-tools-for-stm32.9-2020-q2-update.win32_2.0.0.202105311346/tools/bin/../lib/gcc/arm-none-eabi/9.3.1/../../../../arm-none-eabi/lib/thumb/v6-m/nofp\libc_nano.a
LOAD c:/st/stm32cubeide_1.8.0/stm32cubeide/plugins/com.st.stm32cube.ide.mcu.externaltools.gnu-tools-for-stm32.9-2020-q2-update.win32_2.0.0.202105311346/tools/bin/../lib/gcc/arm-none-eabi/9.3.1/../../../../arm-none-eabi/lib/thumb/v6-m/nofp\libnosys.a
END GROUP
LOAD c:/st/stm32cubeide_1.8.0/stm32cubeide/plugins/com.st.stm32cube.ide.mcu.externaltools.gnu-tools-for-stm32.9-2020-q2-update.win32_2.0.0.202105311346/tools/bin/../lib/gcc/arm-none-eabi/9.3.1/thumb/v6-m/nofp/crtend.o
LOAD c:/st/stm32cubeide_1.8.0/stm32cubeide/plugins/com.st.stm32cube.ide.mcu.externaltools.gnu-tools-for-stm32.9-2020-q2-update.win32_2.0.0.202105311346/tools/bin/../lib/gcc/arm-none-eabi/9.3.1/thumb/v6-m/nofp/crtn.o
                0x0000000020005000                _estack = 0x20005000
                0x0000000000000200                _Min_Heap_Size = 0x200
                0x0000000000000400                _Min_Stack_Size = 0x400

.isr_vector     0x0000000008000000       0xc0
                0x0000000008000000                . = ALIGN (0x4)
 *(.isr_vector)
 .isr_vector    0x0000000008000000       0xc0 ./Application/SW4STM32/startup_stm32l072xx.o
                0x0000000008000000                g_pfnVectors
                0x00000000080000c0                . = ALIGN (0x4)

.text           0x00000000080000c0     0x8a88
                0x00000000080000c0                . = ALIGN (0x4)
 *(.text)
 .text          0x00000000080000c0       0x48 c:/st/stm32cubeide_1.8.0/stm32cubeide/plugins/com.st.stm32cube.ide.mcu.externaltools.gnu-tools-for-stm32.9-2020-q2-update.win32_2.0.0.202105311346/tools/bin/../lib/gcc/arm-none-eabi/9.3.1/thumb/v6-m/nofp/crtbegin.o
 .text          0x0000000008000108        0xe c:/st/stm32cubeide_1.8.0/stm32cubeide/plugins/com.st.stm32cube.ide.mcu.externaltools.gnu-tools-for-stm32.9-2020-q2-update.win32_2.0.0.202105311346/tools/bin/../lib/gcc/arm-none-eabi/9.3.1/../../../../arm-none-eabi/lib/thumb/v6-m/nofp\libc_nano.a(lib_a-strlen.o)
                0x0000000008000108                strlen
 *fill*         0x0000000008000116        0x2 
 .text          0x0000000008000118       0x14 c:/st/stm32cubeide_1.8.0/stm32cubeide/plugins/com.st.stm32cube.ide.mcu.externaltools.gnu-tools-for-stm32.9-2020-q2-update.win32_2.0.0.202105311346/tools/bin/../lib/gcc/arm-none-eabi/9.3.1/thumb/v6-m/nofp\libgcc.a(_thumb1_case_sqi.o)
                0x0000000008000118                __gnu_thumb1_case_sqi
 .text          0x000000000800012c       0x14 c:/st/stm32cubeide_1.8.0/stm32cubeide/plugins/com.st.stm32cube.ide.mcu.externaltools.gnu-tools-for-stm32.9-2020-q2-update.win32_2.0.0.202105311346/tools/bin/../lib/gcc/arm-none-eabi/9.3.1/thumb/v6-m/nofp\libgcc.a(_thumb1_case_uqi.o)
                0x000000000800012c                __gnu_thumb1_case_uqi
 .text          0x0000000008000140       0x14 c:/st/stm32cubeide_1.8.0/stm32cubeide/plugins/com.st.stm32cube.ide.mcu.externaltools.gnu-tools-for-stm32.9-2020-q2-update.win32_2.0.0.202105311346/tools/bin/../lib/gcc/arm-none-eabi/9.3.1/thumb/v6-m/nofp\libgcc.a(_thumb1_case_shi.o)
                0x0000000008000140                __gnu_thumb1_case_shi
 .text          0x0000000008000154       0x14 c:/st/stm32cubeide_1.8.0/stm32cubeide/plugins/com.st.stm32cube.ide.mcu.externaltools.gnu-tools-for-stm32.9-2020-q2-update.win32_2.0.0.202105311346/tools/bin/../lib/gcc/arm-none-eabi/9.3.1/thumb/v6-m/nofp\libgcc.a(_thumb1_case_uhi.o)
                0x0000000008000154                __gnu_thumb1_case_uhi
 .text          0x0000000008000168      0x114 c:/st/stm32cubeide_1.8.0/stm32cubeide/plugins/com.st.stm32cube.ide.mcu.externaltools.gnu-tools-for-stm32.9-2020-q2-update.win32_2.0.0.202105311346/tools/bin/../lib/gcc/arm-none-eabi/9.3.1/thumb/v6-m/nofp\libgcc.a(_udivsi3.o)
                0x0000000008000168                __aeabi_uidiv
                0x0000000008000168                __udivsi3
                0x0000000008000274                __aeabi_uidivmod
 .text          0x000000000800027c      0x1d4 c:/st/stm32cubeide_1.8.0/stm32cubeide/plugins/com.st.stm32cube.ide.mcu.externaltools.gnu-tools-for-stm32.9-2020-q2-update.win32_2.0.0.202105311346/tools/bin/../lib/gcc/arm-none-eabi/9.3.1/thumb/v6-m/nofp\libgcc.a(_divsi3.o)
                0x000000000800027c                __divsi3
                0x000000000800027c                __aeabi_idiv
                0x0000000008000448                __aeabi_idivmod
 .text          0x0000000008000450        0x4 c:/st/stm32cubeide_1.8.0/stm32cubeide/plugins/com.st.stm32cube.ide.mcu.externaltools.gnu-tools-for-stm32.9-2020-q2-update.win32_2.0.0.202105311346/tools/bin/../lib/gcc/arm-none-eabi/9.3.1/thumb/v6-m/nofp\libgcc.a(_dvmd_tls.o)
                0x0000000008000450                __aeabi_idiv0
                0x0000000008000450                __aeabi_ldiv0
 .text          0x0000000008000454       0x40 c:/st/stm32cubeide_1.8.0/stm32cubeide/plugins/com.st.stm32cube.ide.mcu.externaltools.gnu-tools-for-stm32.9-2020-q2-update.win32_2.0.0.202105311346/tools/bin/../lib/gcc/arm-none-eabi/9.3.1/thumb/v6-m/nofp\libgcc.a(_aeabi_uldivmod.o)
                0x0000000008000454                __aeabi_uldivmod
 .text          0x0000000008000494       0x50 c:/st/stm32cubeide_1.8.0/stm32cubeide/plugins/com.st.stm32cube.ide.mcu.externaltools.gnu-tools-for-stm32.9-2020-q2-update.win32_2.0.0.202105311346/tools/bin/../lib/gcc/arm-none-eabi/9.3.1/thumb/v6-m/nofp\libgcc.a(_muldi3.o)
                0x0000000008000494                __muldi3
                0x0000000008000494                __aeabi_lmul
 .text          0x00000000080004e4       0x3c c:/st/stm32cubeide_1.8.0/stm32cubeide/plugins/com.st.stm32cube.ide.mcu.externaltools.gnu-tools-for-stm32.9-2020-q2-update.win32_2.0.0.202105311346/tools/bin/../lib/gcc/arm-none-eabi/9.3.1/thumb/v6-m/nofp\libgcc.a(_fixunsdfsi.o)
                0x00000000080004e4                __aeabi_d2uiz
                0x00000000080004e4                __fixunsdfsi
 .text          0x0000000008000520      0x198 c:/st/stm32cubeide_1.8.0/stm32cubeide/plugins/com.st.stm32cube.ide.mcu.externaltools.gnu-tools-for-stm32.9-2020-q2-update.win32_2.0.0.202105311346/tools/bin/../lib/gcc/arm-none-eabi/9.3.1/thumb/v6-m/nofp\libgcc.a(_udivmoddi4.o)
                0x0000000008000520                __udivmoddi4
 .text          0x00000000080006b8      0x5d0 c:/st/stm32cubeide_1.8.0/stm32cubeide/plugins/com.st.stm32cube.ide.mcu.externaltools.gnu-tools-for-stm32.9-2020-q2-update.win32_2.0.0.202105311346/tools/bin/../lib/gcc/arm-none-eabi/9.3.1/thumb/v6-m/nofp\libgcc.a(divdf3.o)
                0x00000000080006b8                __aeabi_ddiv
 .text          0x0000000008000c88      0x4d8 c:/st/stm32cubeide_1.8.0/stm32cubeide/plugins/com.st.stm32cube.ide.mcu.externaltools.gnu-tools-for-stm32.9-2020-q2-update.win32_2.0.0.202105311346/tools/bin/../lib/gcc/arm-none-eabi/9.3.1/thumb/v6-m/nofp\libgcc.a(muldf3.o)
                0x0000000008000c88                __aeabi_dmul
 .text          0x0000000008001160      0x724 c:/st/stm32cubeide_1.8.0/stm32cubeide/plugins/com.st.stm32cube.ide.mcu.externaltools.gnu-tools-for-stm32.9-2020-q2-update.win32_2.0.0.202105311346/tools/bin/../lib/gcc/arm-none-eabi/9.3.1/thumb/v6-m/nofp\libgcc.a(subdf3.o)
                0x0000000008001160                __aeabi_dsub
 .text          0x0000000008001884       0x6c c:/st/stm32cubeide_1.8.0/stm32cubeide/plugins/com.st.stm32cube.ide.mcu.externaltools.gnu-tools-for-stm32.9-2020-q2-update.win32_2.0.0.202105311346/tools/bin/../lib/gcc/arm-none-eabi/9.3.1/thumb/v6-m/nofp\libgcc.a(fixdfsi.o)
                0x0000000008001884                __aeabi_d2iz
 .text          0x00000000080018f0       0x60 c:/st/stm32cubeide_1.8.0/stm32cubeide/plugins/com.st.stm32cube.ide.mcu.externaltools.gnu-tools-for-stm32.9-2020-q2-update.win32_2.0.0.202105311346/tools/bin/../lib/gcc/arm-none-eabi/9.3.1/thumb/v6-m/nofp\libgcc.a(floatsidf.o)
                0x00000000080018f0                __aeabi_i2d
 .text          0x0000000008001950       0x4c c:/st/stm32cubeide_1.8.0/stm32cubeide/plugins/com.st.stm32cube.ide.mcu.externaltools.gnu-tools-for-stm32.9-2020-q2-update.win32_2.0.0.202105311346/tools/bin/../lib/gcc/arm-none-eabi/9.3.1/thumb/v6-m/nofp\libgcc.a(floatunsidf.o)
                0x0000000008001950                __aeabi_ui2d
 .text          0x000000000800199c       0x7c c:/st/stm32cubeide_1.8.0/stm32cubeide/plugins/com.st.stm32cube.ide.mcu.externaltools.gnu-tools-for-stm32.9-2020-q2-update.win32_2.0.0.202105311346/tools/bin/../lib/gcc/arm-none-eabi/9.3.1/thumb/v6-m/nofp\libgcc.a(_arm_cmpdf2.o)
                0x000000000800199c                __aeabi_cdrcmple
                0x00000000080019ac                __aeabi_cdcmple
                0x00000000080019ac                __aeabi_cdcmpeq
                0x00000000080019bc                __aeabi_dcmpeq
                0x00000000080019c8                __aeabi_dcmplt
                0x00000000080019dc                __aeabi_dcmple
                0x00000000080019f0                __aeabi_dcmpgt
                0x0000000008001a04                __aeabi_dcmpge
 .text          0x0000000008001a18       0x3c c:/st/stm32cubeide_1.8.0/stm32cubeide/plugins/com.st.stm32cube.ide.mcu.externaltools.gnu-tools-for-stm32.9-2020-q2-update.win32_2.0.0.202105311346/tools/bin/../lib/gcc/arm-none-eabi/9.3.1/thumb/v6-m/nofp\libgcc.a(_clzsi2.o)
                0x0000000008001a18                __clzsi2
 .text          0x0000000008001a54       0x18 c:/st/stm32cubeide_1.8.0/stm32cubeide/plugins/com.st.stm32cube.ide.mcu.externaltools.gnu-tools-for-stm32.9-2020-q2-update.win32_2.0.0.202105311346/tools/bin/../lib/gcc/arm-none-eabi/9.3.1/thumb/v6-m/nofp\libgcc.a(_clzdi2.o)
                0x0000000008001a54                __clzdi2
 .text          0x0000000008001a6c       0x78 c:/st/stm32cubeide_1.8.0/stm32cubeide/plugins/com.st.stm32cube.ide.mcu.externaltools.gnu-tools-for-stm32.9-2020-q2-update.win32_2.0.0.202105311346/tools/bin/../lib/gcc/arm-none-eabi/9.3.1/thumb/v6-m/nofp\libgcc.a(eqdf2.o)
                0x0000000008001a6c                __nedf2
                0x0000000008001a6c                __eqdf2
 .text          0x0000000008001ae4       0xe4 c:/st/stm32cubeide_1.8.0/stm32cubeide/plugins/com.st.stm32cube.ide.mcu.externaltools.gnu-tools-for-stm32.9-2020-q2-update.win32_2.0.0.202105311346/tools/bin/../lib/gcc/arm-none-eabi/9.3.1/thumb/v6-m/nofp\libgcc.a(gedf2.o)
                0x0000000008001ae4                __gedf2
                0x0000000008001ae4                __gtdf2
 .text          0x0000000008001bc8       0xe0 c:/st/stm32cubeide_1.8.0/stm32cubeide/plugins/com.st.stm32cube.ide.mcu.externaltools.gnu-tools-for-stm32.9-2020-q2-update.win32_2.0.0.202105311346/tools/bin/../lib/gcc/arm-none-eabi/9.3.1/thumb/v6-m/nofp\libgcc.a(ledf2.o)
                0x0000000008001bc8                __ledf2
                0x0000000008001bc8                __ltdf2
 *(.text*)
 .text.MX_SubGHz_Phy_Init
                0x0000000008001ca8        0xc ./Application/App/app_subghz_phy.o
                0x0000000008001ca8                MX_SubGHz_Phy_Init
 .text.MX_SubGHz_Phy_Process
                0x0000000008001cb4        0xc ./Application/App/app_subghz_phy.o
                0x0000000008001cb4                MX_SubGHz_Phy_Process
 .text.toogleBlueLed
                0x0000000008001cc0       0x10 ./Application/App/leds_control.o
                0x0000000008001cc0                toogleBlueLed
 .text.OnledEvent
                0x0000000008001cd0       0x1c ./Application/App/subghz_phy_app.o
 .text.PingPong_Process
                0x0000000008001cec      0x248 ./Application/App/subghz_phy_app.o
 .text.OnRxError
                0x0000000008001f34       0x30 ./Application/App/subghz_phy_app.o
 .text.OnRxTimeout
                0x0000000008001f64       0x30 ./Application/App/subghz_phy_app.o
 .text.OnTxTimeout
                0x0000000008001f94       0x30 ./Application/App/subghz_phy_app.o
 .text.OnTxDone
                0x0000000008001fc4       0x30 ./Application/App/subghz_phy_app.o
 .text.OnRxDone
                0x0000000008001ff4       0x64 ./Application/App/subghz_phy_app.o
 .text.SubghzApp_Init
                0x0000000008002058      0x100 ./Application/App/subghz_phy_app.o
                0x0000000008002058                SubghzApp_Init
 .text.SystemClock_Config
                0x0000000008002158       0x98 ./Application/Core/main.o
                0x0000000008002158                SystemClock_Config
 .text.startup.main
                0x00000000080021f0      0x12c ./Application/Core/main.o
                0x00000000080021f0                main
 .text.Error_Handler
                0x000000000800231c        0x2 ./Application/Core/main.o
                0x000000000800231c                Error_Handler
 *fill*         0x000000000800231e        0x2 
 .text.MX_RTC_Init
                0x0000000008002320       0xc0 ./Application/Core/rtc.o
                0x0000000008002320                MX_RTC_Init
 .text.HAL_RTC_MspInit
                0x00000000080023e0       0x60 ./Application/Core/rtc.o
                0x00000000080023e0                HAL_RTC_MspInit
 .text.RTC_IF_GetTimerContext
                0x0000000008002440        0xc ./Application/Core/rtc_if.o
                0x0000000008002440                RTC_IF_GetTimerContext
 .text.RTC_IF_GetMinimumTimeout
                0x000000000800244c        0x4 ./Application/Core/rtc_if.o
                0x000000000800244c                RTC_IF_GetMinimumTimeout
 .text.RTC_IF_Convert_ms2Tick
                0x0000000008002450       0x10 ./Application/Core/rtc_if.o
                0x0000000008002450                RTC_IF_Convert_ms2Tick
 .text.RTC_IF_Convert_Tick2ms
                0x0000000008002460       0x14 ./Application/Core/rtc_if.o
                0x0000000008002460                RTC_IF_Convert_Tick2ms
 .text.RTC_IF_StopTimer
                0x0000000008002474       0x24 ./Application/Core/rtc_if.o
                0x0000000008002474                RTC_IF_StopTimer
 .text.RTC_GetCalendarValue
                0x0000000008002498       0xb4 ./Application/Core/rtc_if.o
 .text.RTC_IF_SetTimerContext
                0x000000000800254c       0x18 ./Application/Core/rtc_if.o
                0x000000000800254c                RTC_IF_SetTimerContext
 .text.RTC_IF_GetTimerElapsedTime
                0x0000000008002564       0x18 ./Application/Core/rtc_if.o
                0x0000000008002564                RTC_IF_GetTimerElapsedTime
 .text.RTC_IF_StartTimer
                0x000000000800257c      0x140 ./Application/Core/rtc_if.o
                0x000000000800257c                RTC_IF_StartTimer
 .text.RTC_IF_GetTime
                0x00000000080026bc       0x28 ./Application/Core/rtc_if.o
                0x00000000080026bc                RTC_IF_GetTime
 .text.RTC_IF_BkUp_Write_Seconds
                0x00000000080026e4       0x14 ./Application/Core/rtc_if.o
                0x00000000080026e4                RTC_IF_BkUp_Write_Seconds
 .text.RTC_IF_BkUp_Write_SubSeconds
                0x00000000080026f8       0x14 ./Application/Core/rtc_if.o
                0x00000000080026f8                RTC_IF_BkUp_Write_SubSeconds
 .text.RTC_IF_BkUp_Read_Seconds
                0x000000000800270c       0x10 ./Application/Core/rtc_if.o
                0x000000000800270c                RTC_IF_BkUp_Read_Seconds
 .text.RTC_IF_BkUp_Read_SubSeconds
                0x000000000800271c       0x10 ./Application/Core/rtc_if.o
                0x000000000800271c                RTC_IF_BkUp_Read_SubSeconds
 .text.RTC_IF_Init
                0x000000000800272c       0x50 ./Application/Core/rtc_if.o
                0x000000000800272c                RTC_IF_Init
 .text.RTC_IF_GetTimerValue
                0x000000000800277c       0x20 ./Application/Core/rtc_if.o
                0x000000000800277c                RTC_IF_GetTimerValue
 .text.RTC_IF_DelayMs
                0x000000000800279c       0x26 ./Application/Core/rtc_if.o
                0x000000000800279c                RTC_IF_DelayMs
 .text.HAL_RTC_AlarmAEventCallback
                0x00000000080027c2        0x8 ./Application/Core/rtc_if.o
                0x00000000080027c2                HAL_RTC_AlarmAEventCallback
 .text.PWR_EnterOffMode
                0x00000000080027ca        0x2 ./Application/Core/stm32_lpm_if.o
                0x00000000080027ca                PWR_EnterOffMode
 .text.PWR_EnterStopMode
                0x00000000080027cc       0x2c ./Application/Core/stm32_lpm_if.o
                0x00000000080027cc                PWR_EnterStopMode
 .text.PWR_ExitStopMode
                0x00000000080027f8       0x54 ./Application/Core/stm32_lpm_if.o
                0x00000000080027f8                PWR_ExitStopMode
 .text.PWR_EnterSleepMode
                0x000000000800284c        0xc ./Application/Core/stm32_lpm_if.o
                0x000000000800284c                PWR_EnterSleepMode
 .text.PWR_ExitSleepMode
                0x0000000008002858        0x2 ./Application/Core/stm32_lpm_if.o
                0x0000000008002858                PWR_ExitSleepMode
 .text.PWR_ExitOffMode
                0x000000000800285a        0x2 ./Application/Core/stm32_lpm_if.o
                0x000000000800285a                PWR_ExitOffMode
 .text.HAL_MspInit
                0x000000000800285c       0x30 ./Application/Core/stm32l0xx_hal_msp.o
                0x000000000800285c                HAL_MspInit
 .text.NMI_Handler
                0x000000000800288c        0x2 ./Application/Core/stm32l0xx_it.o
                0x000000000800288c                NMI_Handler
 .text.HardFault_Handler
                0x000000000800288e        0x4 ./Application/Core/stm32l0xx_it.o
                0x000000000800288e                HardFault_Handler
 .text.SVC_Handler
                0x0000000008002892        0x2 ./Application/Core/stm32l0xx_it.o
                0x0000000008002892                SVC_Handler
 .text.PendSV_Handler
                0x0000000008002894        0x2 ./Application/Core/stm32l0xx_it.o
                0x0000000008002894                PendSV_Handler
 .text.SysTick_Handler
                0x0000000008002896        0x8 ./Application/Core/stm32l0xx_it.o
                0x0000000008002896                SysTick_Handler
 *fill*         0x000000000800289e        0x2 
 .text.EXTI0_1_IRQHandler
                0x00000000080028a0       0x10 ./Application/Core/stm32l0xx_it.o
                0x00000000080028a0                EXTI0_1_IRQHandler
 .text.EXTI2_3_IRQHandler
                0x00000000080028b0        0x2 ./Application/Core/stm32l0xx_it.o
                0x00000000080028b0                EXTI2_3_IRQHandler
 .text.EXTI4_15_IRQHandler
                0x00000000080028b2        0x2 ./Application/Core/stm32l0xx_it.o
                0x00000000080028b2                EXTI4_15_IRQHandler
 .text.DMA1_Channel4_5_6_7_IRQHandler
                0x00000000080028b4       0x10 ./Application/Core/stm32l0xx_it.o
                0x00000000080028b4                DMA1_Channel4_5_6_7_IRQHandler
 .text.USART2_IRQHandler
                0x00000000080028c4       0x10 ./Application/Core/stm32l0xx_it.o
                0x00000000080028c4                USART2_IRQHandler
 .text.RTC_IRQHandler
                0x00000000080028d4       0x10 ./Application/Core/stm32l0xx_it.o
                0x00000000080028d4                RTC_IRQHandler
 .text.tiny_snprintf_like.constprop.0
                0x00000000080028e4       0x1c ./Application/Core/sys_app.o
 .text.TimestampNow
                0x0000000008002900       0x30 ./Application/Core/sys_app.o
 .text.SystemApp_Init
                0x0000000008002930       0xe4 ./Application/Core/sys_app.o
                0x0000000008002930                SystemApp_Init
 .text.UTIL_SEQ_Idle
                0x0000000008002a14        0x8 ./Application/Core/sys_app.o
                0x0000000008002a14                UTIL_SEQ_Idle
 .text.UTIL_ADV_TRACE_PreSendHook
                0x0000000008002a1c        0xc ./Application/Core/sys_app.o
                0x0000000008002a1c                UTIL_ADV_TRACE_PreSendHook
 .text.UTIL_ADV_TRACE_PostSendHook
                0x0000000008002a28        0xc ./Application/Core/sys_app.o
                0x0000000008002a28                UTIL_ADV_TRACE_PostSendHook
 .text.HAL_InitTick
                0x0000000008002a34        0x4 ./Application/Core/sys_app.o
                0x0000000008002a34                HAL_InitTick
 .text.HAL_GetTick
                0x0000000008002a38        0x8 ./Application/Core/sys_app.o
                0x0000000008002a38                HAL_GetTick
 .text.HAL_Delay
                0x0000000008002a40        0xc ./Application/Core/sys_app.o
                0x0000000008002a40                HAL_Delay
 .text.MX_USART2_Init
                0x0000000008002a4c       0x34 ./Application/Core/usart.o
                0x0000000008002a4c                MX_USART2_Init
 .text.HAL_UART_MspInit
                0x0000000008002a80      0x168 ./Application/Core/usart.o
                0x0000000008002a80                HAL_UART_MspInit
 .text.HAL_UART_MspDeInit
                0x0000000008002be8       0x68 ./Application/Core/usart.o
                0x0000000008002be8                HAL_UART_MspDeInit
 .text.vcom_Init
                0x0000000008002c50       0x14 ./Application/Core/usart_if.o
                0x0000000008002c50                vcom_Init
 .text.vcom_DeInit
                0x0000000008002c64       0x34 ./Application/Core/usart_if.o
                0x0000000008002c64                vcom_DeInit
 .text.vcom_IoInit
                0x0000000008002c98       0x7c ./Application/Core/usart_if.o
                0x0000000008002c98                vcom_IoInit
 .text.vcom_IoDeInit
                0x0000000008002d14       0xa0 ./Application/Core/usart_if.o
                0x0000000008002d14                vcom_IoDeInit
 .text.vcom_Trace_DMA
                0x0000000008002db4       0x14 ./Application/Core/usart_if.o
                0x0000000008002db4                vcom_Trace_DMA
 .text.vcom_ReceiveInit
                0x0000000008002dc8       0x54 ./Application/Core/usart_if.o
                0x0000000008002dc8                vcom_ReceiveInit
 .text.HAL_UART_TxCpltCallback
                0x0000000008002e1c       0x10 ./Application/Core/usart_if.o
                0x0000000008002e1c                HAL_UART_TxCpltCallback
 .text.HAL_UART_RxCpltCallback
                0x0000000008002e2c       0x30 ./Application/Core/usart_if.o
                0x0000000008002e2c                HAL_UART_RxCpltCallback
 .text.Reset_Handler
                0x0000000008002e5c       0x50 ./Application/SW4STM32/startup_stm32l072xx.o
                0x0000000008002e5c                Reset_Handler
 .text.Default_Handler
                0x0000000008002eac        0x2 ./Application/SW4STM32/startup_stm32l072xx.o
                0x0000000008002eac                TSC_IRQHandler
                0x0000000008002eac                ADC1_COMP_IRQHandler
                0x0000000008002eac                PVD_IRQHandler
                0x0000000008002eac                I2C1_IRQHandler
                0x0000000008002eac                RCC_CRS_IRQHandler
                0x0000000008002eac                SPI1_IRQHandler
                0x0000000008002eac                TIM6_DAC_IRQHandler
                0x0000000008002eac                I2C2_IRQHandler
                0x0000000008002eac                TIM3_IRQHandler
                0x0000000008002eac                DMA1_Channel1_IRQHandler
                0x0000000008002eac                USART4_5_IRQHandler
                0x0000000008002eac                Default_Handler
                0x0000000008002eac                TIM22_IRQHandler
                0x0000000008002eac                TIM7_IRQHandler
                0x0000000008002eac                USB_IRQHandler
                0x0000000008002eac                I2C3_IRQHandler
                0x0000000008002eac                SPI2_IRQHandler
                0x0000000008002eac                TIM21_IRQHandler
                0x0000000008002eac                WWDG_IRQHandler
                0x0000000008002eac                TIM2_IRQHandler
                0x0000000008002eac                DMA1_Channel2_3_IRQHandler
                0x0000000008002eac                FLASH_IRQHandler
                0x0000000008002eac                USART1_IRQHandler
                0x0000000008002eac                RNG_LPUART1_IRQHandler
                0x0000000008002eac                LPTIM1_IRQHandler
 .text._read    0x0000000008002eae       0x1a ./Application/SW4STM32/syscalls.o
                0x0000000008002eae                _read
 .text._write   0x0000000008002ec8       0x1a ./Application/SW4STM32/syscalls.o
                0x0000000008002ec8                _write
 *fill*         0x0000000008002ee2        0x2 
 .text._sbrk    0x0000000008002ee4       0x34 ./Application/SW4STM32/syscalls.o
                0x0000000008002ee4                _sbrk
 .text._close   0x0000000008002f18        0x6 ./Application/SW4STM32/syscalls.o
                0x0000000008002f18                _close
 .text._fstat   0x0000000008002f1e        0xa ./Application/SW4STM32/syscalls.o
                0x0000000008002f1e                _fstat
 .text._isatty  0x0000000008002f28        0x4 ./Application/SW4STM32/syscalls.o
                0x0000000008002f28                _isatty
 .text._lseek   0x0000000008002f2c        0x4 ./Application/SW4STM32/syscalls.o
                0x0000000008002f2c                _lseek
 .text.BSP_SPI2_SendRecv
                0x0000000008002f30       0x28 ./Application/Target/b_l072z_lrwan1_bus.o
                0x0000000008002f30                BSP_SPI2_SendRecv
 .text.MX_SPI2_Init
                0x0000000008002f58       0x60 ./Application/Target/b_l072z_lrwan1_bus.o
                0x0000000008002f58                MX_SPI2_Init
 .text.BSP_SPI2_Init
                0x0000000008002fb8       0x7c ./Application/Target/b_l072z_lrwan1_bus.o
                0x0000000008002fb8                BSP_SPI2_Init
 .text.BSP_LED_Init
                0x0000000008003034       0x84 ./Drivers/BSP/B-L072Z-LRWAN1/b-l072z-lrwan1.o
                0x0000000008003034                BSP_LED_Init
 .text.BSP_LED_Off
                0x00000000080030b8       0x20 ./Drivers/BSP/B-L072Z-LRWAN1/b-l072z-lrwan1.o
                0x00000000080030b8                BSP_LED_Off
 .text.BSP_LED_Toggle
                0x00000000080030d8       0x1c ./Drivers/BSP/B-L072Z-LRWAN1/b-l072z-lrwan1.o
                0x00000000080030d8                BSP_LED_Toggle
 .text.SX126x_RADIO_IoInit
                0x00000000080030f4      0x134 ./Drivers/BSP/MurataSx126xModule/muratasx126xmodule.o
                0x00000000080030f4                SX126x_RADIO_IoInit
 .text.SX126x_RADIO_IoDeInit
                0x0000000008003228       0x60 ./Drivers/BSP/MurataSx126xModule/muratasx126xmodule.o
                0x0000000008003228                SX126x_RADIO_IoDeInit
 .text.SX126x_RADIO_IoIrqInit
                0x0000000008003288       0x30 ./Drivers/BSP/MurataSx126xModule/muratasx126xmodule.o
                0x0000000008003288                SX126x_RADIO_IoIrqInit
 .text.SX126x_RADIO_GetWakeUpTime
                0x00000000080032b8        0x4 ./Drivers/BSP/MurataSx126xModule/muratasx126xmodule.o
                0x00000000080032b8                SX126x_RADIO_GetWakeUpTime
 .text.SX126x_RADIO_Reset
                0x00000000080032bc       0x7c ./Drivers/BSP/MurataSx126xModule/muratasx126xmodule.o
                0x00000000080032bc                SX126x_RADIO_Reset
 .text.SX126x_RADIO_WaitOnBusy
                0x0000000008003338       0x14 ./Drivers/BSP/MurataSx126xModule/muratasx126xmodule.o
                0x0000000008003338                SX126x_RADIO_WaitOnBusy
 .text.SX126x_RADIO_ChipSelect
                0x000000000800334c       0x1c ./Drivers/BSP/MurataSx126xModule/muratasx126xmodule.o
                0x000000000800334c                SX126x_RADIO_ChipSelect
 .text.SX126x_RADIO_GetPaSelect
                0x0000000008003368        0x4 ./Drivers/BSP/MurataSx126xModule/muratasx126xmodule.o
                0x0000000008003368                SX126x_RADIO_GetPaSelect
 .text.SX126x_RADIO_SetAntSw
                0x000000000800336c       0x1a ./Drivers/BSP/MurataSx126xModule/muratasx126xmodule.o
                0x000000000800336c                SX126x_RADIO_SetAntSw
 .text.SX126x_RADIO_BoardIsTcxo
                0x0000000008003386        0x4 ./Drivers/BSP/MurataSx126xModule/muratasx126xmodule.o
                0x0000000008003386                SX126x_RADIO_BoardIsTcxo
 .text.SX126x_RADIO_BoardSetLedTx
                0x000000000800338a        0x2 ./Drivers/BSP/MurataSx126xModule/muratasx126xmodule.o
                0x000000000800338a                SX126x_RADIO_BoardSetLedTx
 .text.SX126x_RADIO_BoardSetLedRx
                0x000000000800338c        0x2 ./Drivers/BSP/MurataSx126xModule/muratasx126xmodule.o
                0x000000000800338c                SX126x_RADIO_BoardSetLedRx
 .text.SX126x_RADIO_Bus_Init
                0x000000000800338e        0x8 ./Drivers/BSP/MurataSx126xModule/muratasx126xmodule.o
                0x000000000800338e                SX126x_RADIO_Bus_Init
 .text.SX126x_RADIO_SendRecv
                0x0000000008003396       0x1c ./Drivers/BSP/MurataSx126xModule/muratasx126xmodule.o
                0x0000000008003396                SX126x_RADIO_SendRecv
 *fill*         0x00000000080033b2        0x2 
 .text.SX126x_RADIO_WakeUp
                0x00000000080033b4       0x34 ./Drivers/BSP/MurataSx126xModule/muratasx126xmodule.o
                0x00000000080033b4                SX126x_RADIO_WakeUp
 .text.SystemInit
                0x00000000080033e8       0x5c ./Drivers/CMSIS/system_stm32l0xx.o
                0x00000000080033e8                SystemInit
 .text.HAL_Init
                0x0000000008003444       0x28 ./Drivers/STM32L0xx_HAL_Driver/stm32l0xx_hal.o
                0x0000000008003444                HAL_Init
 .text.HAL_IncTick
                0x000000000800346c       0x18 ./Drivers/STM32L0xx_HAL_Driver/stm32l0xx_hal.o
                0x000000000800346c                HAL_IncTick
 .text.HAL_NVIC_SetPriority
                0x0000000008003484       0x54 ./Drivers/STM32L0xx_HAL_Driver/stm32l0xx_hal_cortex.o
                0x0000000008003484                HAL_NVIC_SetPriority
 .text.HAL_NVIC_EnableIRQ
                0x00000000080034d8       0x18 ./Drivers/STM32L0xx_HAL_Driver/stm32l0xx_hal_cortex.o
                0x00000000080034d8                HAL_NVIC_EnableIRQ
 .text.HAL_NVIC_DisableIRQ
                0x00000000080034f0       0x20 ./Drivers/STM32L0xx_HAL_Driver/stm32l0xx_hal_cortex.o
                0x00000000080034f0                HAL_NVIC_DisableIRQ
 .text.HAL_DMA_Init
                0x0000000008003510       0x88 ./Drivers/STM32L0xx_HAL_Driver/stm32l0xx_hal_dma.o
                0x0000000008003510                HAL_DMA_Init
 .text.HAL_DMA_DeInit
                0x0000000008003598       0x60 ./Drivers/STM32L0xx_HAL_Driver/stm32l0xx_hal_dma.o
                0x0000000008003598                HAL_DMA_DeInit
 .text.HAL_DMA_Start_IT
                0x00000000080035f8       0x80 ./Drivers/STM32L0xx_HAL_Driver/stm32l0xx_hal_dma.o
                0x00000000080035f8                HAL_DMA_Start_IT
 .text.HAL_DMA_Abort
                0x0000000008003678       0x40 ./Drivers/STM32L0xx_HAL_Driver/stm32l0xx_hal_dma.o
                0x0000000008003678                HAL_DMA_Abort
 .text.HAL_DMA_Abort_IT
                0x00000000080036b8       0x4a ./Drivers/STM32L0xx_HAL_Driver/stm32l0xx_hal_dma.o
                0x00000000080036b8                HAL_DMA_Abort_IT
 .text.HAL_DMA_IRQHandler
                0x0000000008003702       0x96 ./Drivers/STM32L0xx_HAL_Driver/stm32l0xx_hal_dma.o
                0x0000000008003702                HAL_DMA_IRQHandler
 .text.HAL_EXTI_RegisterCallback
                0x0000000008003798        0xe ./Drivers/STM32L0xx_HAL_Driver/stm32l0xx_hal_exti.o
                0x0000000008003798                HAL_EXTI_RegisterCallback
 .text.HAL_EXTI_GetHandle
                0x00000000080037a6        0xe ./Drivers/STM32L0xx_HAL_Driver/stm32l0xx_hal_exti.o
                0x00000000080037a6                HAL_EXTI_GetHandle
 .text.HAL_EXTI_IRQHandler
                0x00000000080037b4       0x24 ./Drivers/STM32L0xx_HAL_Driver/stm32l0xx_hal_exti.o
                0x00000000080037b4                HAL_EXTI_IRQHandler
 .text.HAL_GPIO_Init
                0x00000000080037d8      0x180 ./Drivers/STM32L0xx_HAL_Driver/stm32l0xx_hal_gpio.o
                0x00000000080037d8                HAL_GPIO_Init
 .text.HAL_GPIO_DeInit
                0x0000000008003958      0x100 ./Drivers/STM32L0xx_HAL_Driver/stm32l0xx_hal_gpio.o
                0x0000000008003958                HAL_GPIO_DeInit
 .text.HAL_GPIO_ReadPin
                0x0000000008003a58        0xc ./Drivers/STM32L0xx_HAL_Driver/stm32l0xx_hal_gpio.o
                0x0000000008003a58                HAL_GPIO_ReadPin
 .text.HAL_GPIO_WritePin
                0x0000000008003a64        0xc ./Drivers/STM32L0xx_HAL_Driver/stm32l0xx_hal_gpio.o
                0x0000000008003a64                HAL_GPIO_WritePin
 .text.HAL_GPIO_TogglePin
                0x0000000008003a70       0x10 ./Drivers/STM32L0xx_HAL_Driver/stm32l0xx_hal_gpio.o
                0x0000000008003a70                HAL_GPIO_TogglePin
 .text.I2C_WaitOnFlagUntilTimeout
                0x0000000008003a80       0x50 ./Drivers/STM32L0xx_HAL_Driver/stm32l0xx_hal_i2c.o
 .text.HAL_I2C_MspInit
                0x0000000008003ad0        0x2 ./Drivers/STM32L0xx_HAL_Driver/stm32l0xx_hal_i2c.o
                0x0000000008003ad0                HAL_I2C_MspInit
 *fill*         0x0000000008003ad2        0x2 
 .text.HAL_I2C_Init
                0x0000000008003ad4       0xac ./Drivers/STM32L0xx_HAL_Driver/stm32l0xx_hal_i2c.o
                0x0000000008003ad4                HAL_I2C_Init
 .text.HAL_I2C_IsDeviceReady
                0x0000000008003b80      0x148 ./Drivers/STM32L0xx_HAL_Driver/stm32l0xx_hal_i2c.o
                0x0000000008003b80                HAL_I2C_IsDeviceReady
 .text.HAL_PWR_DisablePVD
                0x0000000008003cc8       0x10 ./Drivers/STM32L0xx_HAL_Driver/stm32l0xx_hal_pwr.o
                0x0000000008003cc8                HAL_PWR_DisablePVD
 .text.HAL_PWR_EnterSLEEPMode
                0x0000000008003cd8       0x70 ./Drivers/STM32L0xx_HAL_Driver/stm32l0xx_hal_pwr.o
                0x0000000008003cd8                HAL_PWR_EnterSLEEPMode
 .text.HAL_PWR_EnterSTOPMode
                0x0000000008003d48       0x78 ./Drivers/STM32L0xx_HAL_Driver/stm32l0xx_hal_pwr.o
                0x0000000008003d48                HAL_PWR_EnterSTOPMode
 .text.HAL_PWREx_EnableFastWakeUp
                0x0000000008003dc0       0x14 ./Drivers/STM32L0xx_HAL_Driver/stm32l0xx_hal_pwr_ex.o
                0x0000000008003dc0                HAL_PWREx_EnableFastWakeUp
 .text.HAL_PWREx_EnableUltraLowPower
                0x0000000008003dd4       0x14 ./Drivers/STM32L0xx_HAL_Driver/stm32l0xx_hal_pwr_ex.o
                0x0000000008003dd4                HAL_PWREx_EnableUltraLowPower
 .text.HAL_RCC_GetSysClockFreq
                0x0000000008003de8       0x90 ./Drivers/STM32L0xx_HAL_Driver/stm32l0xx_hal_rcc.o
                0x0000000008003de8                HAL_RCC_GetSysClockFreq
 .text.HAL_RCC_OscConfig
                0x0000000008003e78      0x518 ./Drivers/STM32L0xx_HAL_Driver/stm32l0xx_hal_rcc.o
                0x0000000008003e78                HAL_RCC_OscConfig
 .text.HAL_RCC_ClockConfig
                0x0000000008004390      0x19c ./Drivers/STM32L0xx_HAL_Driver/stm32l0xx_hal_rcc.o
                0x0000000008004390                HAL_RCC_ClockConfig
 .text.HAL_RCC_GetPCLK1Freq
                0x000000000800452c       0x20 ./Drivers/STM32L0xx_HAL_Driver/stm32l0xx_hal_rcc.o
                0x000000000800452c                HAL_RCC_GetPCLK1Freq
 .text.HAL_RCC_GetPCLK2Freq
                0x000000000800454c       0x20 ./Drivers/STM32L0xx_HAL_Driver/stm32l0xx_hal_rcc.o
                0x000000000800454c                HAL_RCC_GetPCLK2Freq
 .text.HAL_RCCEx_PeriphCLKConfig
                0x000000000800456c      0x1bc ./Drivers/STM32L0xx_HAL_Driver/stm32l0xx_hal_rcc_ex.o
                0x000000000800456c                HAL_RCCEx_PeriphCLKConfig
 .text.HAL_RTC_DeactivateAlarm
                0x0000000008004728       0xc4 ./Drivers/STM32L0xx_HAL_Driver/stm32l0xx_hal_rtc.o
                0x0000000008004728                HAL_RTC_DeactivateAlarm
 .text.HAL_RTC_AlarmIRQHandler
                0x00000000080047ec       0x60 ./Drivers/STM32L0xx_HAL_Driver/stm32l0xx_hal_rtc.o
                0x00000000080047ec                HAL_RTC_AlarmIRQHandler
 .text.HAL_RTC_WaitForSynchro
                0x000000000800484c       0x34 ./Drivers/STM32L0xx_HAL_Driver/stm32l0xx_hal_rtc.o
                0x000000000800484c                HAL_RTC_WaitForSynchro
 .text.RTC_EnterInitMode
                0x0000000008004880       0x38 ./Drivers/STM32L0xx_HAL_Driver/stm32l0xx_hal_rtc.o
                0x0000000008004880                RTC_EnterInitMode
 .text.HAL_RTC_Init
                0x00000000080048b8       0xb8 ./Drivers/STM32L0xx_HAL_Driver/stm32l0xx_hal_rtc.o
                0x00000000080048b8                HAL_RTC_Init
 .text.RTC_ByteToBcd2
                0x0000000008004970       0x16 ./Drivers/STM32L0xx_HAL_Driver/stm32l0xx_hal_rtc.o
                0x0000000008004970                RTC_ByteToBcd2
 *fill*         0x0000000008004986        0x2 
 .text.HAL_RTC_SetTime
                0x0000000008004988      0x10c ./Drivers/STM32L0xx_HAL_Driver/stm32l0xx_hal_rtc.o
                0x0000000008004988                HAL_RTC_SetTime
 .text.HAL_RTC_SetDate
                0x0000000008004a94       0xd8 ./Drivers/STM32L0xx_HAL_Driver/stm32l0xx_hal_rtc.o
                0x0000000008004a94                HAL_RTC_SetDate
 .text.HAL_RTC_SetAlarm_IT
                0x0000000008004b6c      0x1ac ./Drivers/STM32L0xx_HAL_Driver/stm32l0xx_hal_rtc.o
                0x0000000008004b6c                HAL_RTC_SetAlarm_IT
 .text.RTC_Bcd2ToByte
                0x0000000008004d18       0x12 ./Drivers/STM32L0xx_HAL_Driver/stm32l0xx_hal_rtc.o
                0x0000000008004d18                RTC_Bcd2ToByte
 *fill*         0x0000000008004d2a        0x2 
 .text.HAL_RTC_GetTime
                0x0000000008004d2c       0x54 ./Drivers/STM32L0xx_HAL_Driver/stm32l0xx_hal_rtc.o
                0x0000000008004d2c                HAL_RTC_GetTime
 .text.HAL_RTC_GetDate
                0x0000000008004d80       0x44 ./Drivers/STM32L0xx_HAL_Driver/stm32l0xx_hal_rtc.o
                0x0000000008004d80                HAL_RTC_GetDate
 .text.HAL_RTCEx_BKUPWrite
                0x0000000008004dc4        0xc ./Drivers/STM32L0xx_HAL_Driver/stm32l0xx_hal_rtc_ex.o
                0x0000000008004dc4                HAL_RTCEx_BKUPWrite
 .text.HAL_RTCEx_BKUPRead
                0x0000000008004dd0        0xc ./Drivers/STM32L0xx_HAL_Driver/stm32l0xx_hal_rtc_ex.o
                0x0000000008004dd0                HAL_RTCEx_BKUPRead
 .text.HAL_RTCEx_EnableBypassShadow
                0x0000000008004ddc       0x34 ./Drivers/STM32L0xx_HAL_Driver/stm32l0xx_hal_rtc_ex.o
                0x0000000008004ddc                HAL_RTCEx_EnableBypassShadow
 .text.HAL_RTCEx_AlarmBEventCallback
                0x0000000008004e10        0x2 ./Drivers/STM32L0xx_HAL_Driver/stm32l0xx_hal_rtc_ex.o
                0x0000000008004e10                HAL_RTCEx_AlarmBEventCallback
 *fill*         0x0000000008004e12        0x2 
 .text.SPI_WaitFlagStateUntilTimeout.constprop.0
                0x0000000008004e14       0xb8 ./Drivers/STM32L0xx_HAL_Driver/stm32l0xx_hal_spi.o
 .text.SPI_EndRxTxTransaction
                0x0000000008004ecc       0x64 ./Drivers/STM32L0xx_HAL_Driver/stm32l0xx_hal_spi.o
 .text.HAL_SPI_MspInit
                0x0000000008004f30        0x2 ./Drivers/STM32L0xx_HAL_Driver/stm32l0xx_hal_spi.o
                0x0000000008004f30                HAL_SPI_MspInit
 *fill*         0x0000000008004f32        0x2 
 .text.HAL_SPI_Init
                0x0000000008004f34       0xc4 ./Drivers/STM32L0xx_HAL_Driver/stm32l0xx_hal_spi.o
                0x0000000008004f34                HAL_SPI_Init
 .text.HAL_SPI_TransmitReceive
                0x0000000008004ff8      0x1ea ./Drivers/STM32L0xx_HAL_Driver/stm32l0xx_hal_spi.o
                0x0000000008004ff8                HAL_SPI_TransmitReceive
 .text.HAL_SPI_GetState
                0x00000000080051e2        0x8 ./Drivers/STM32L0xx_HAL_Driver/stm32l0xx_hal_spi.o
                0x00000000080051e2                HAL_SPI_GetState
 *fill*         0x00000000080051ea        0x2 
 .text.UART_EndRxTransfer
                0x00000000080051ec       0x34 ./Drivers/STM32L0xx_HAL_Driver/stm32l0xx_hal_uart.o
 .text.HAL_UART_Transmit_DMA
                0x0000000008005220       0xa8 ./Drivers/STM32L0xx_HAL_Driver/stm32l0xx_hal_uart.o
                0x0000000008005220                HAL_UART_Transmit_DMA
 .text.UART_DMATransmitCplt
                0x00000000080052c8       0x34 ./Drivers/STM32L0xx_HAL_Driver/stm32l0xx_hal_uart.o
 .text.HAL_UART_TxHalfCpltCallback
                0x00000000080052fc        0x2 ./Drivers/STM32L0xx_HAL_Driver/stm32l0xx_hal_uart.o
                0x00000000080052fc                HAL_UART_TxHalfCpltCallback
 .text.UART_DMATxHalfCplt
                0x00000000080052fe        0xa ./Drivers/STM32L0xx_HAL_Driver/stm32l0xx_hal_uart.o
 .text.HAL_UART_ErrorCallback
                0x0000000008005308        0x2 ./Drivers/STM32L0xx_HAL_Driver/stm32l0xx_hal_uart.o
                0x0000000008005308                HAL_UART_ErrorCallback
 .text.UART_DMAError
                0x000000000800530a       0x52 ./Drivers/STM32L0xx_HAL_Driver/stm32l0xx_hal_uart.o
 .text.UART_DMAAbortOnError
                0x000000000800535c       0x16 ./Drivers/STM32L0xx_HAL_Driver/stm32l0xx_hal_uart.o
 .text.HAL_UARTEx_RxEventCallback
                0x0000000008005372        0x2 ./Drivers/STM32L0xx_HAL_Driver/stm32l0xx_hal_uart.o
                0x0000000008005372                HAL_UARTEx_RxEventCallback
 .text.HAL_UART_IRQHandler
                0x0000000008005374      0x230 ./Drivers/STM32L0xx_HAL_Driver/stm32l0xx_hal_uart.o
                0x0000000008005374                HAL_UART_IRQHandler
 .text.UART_RxISR_8BIT
                0x00000000080055a4       0x84 ./Drivers/STM32L0xx_HAL_Driver/stm32l0xx_hal_uart.o
 .text.UART_RxISR_16BIT
                0x0000000008005628       0x80 ./Drivers/STM32L0xx_HAL_Driver/stm32l0xx_hal_uart.o
 .text.UART_SetConfig
                0x00000000080056a8      0x238 ./Drivers/STM32L0xx_HAL_Driver/stm32l0xx_hal_uart.o
                0x00000000080056a8                UART_SetConfig
 .text.UART_AdvFeatureConfig
                0x00000000080058e0       0xd0 ./Drivers/STM32L0xx_HAL_Driver/stm32l0xx_hal_uart.o
                0x00000000080058e0                UART_AdvFeatureConfig
 .text.UART_WaitOnFlagUntilTimeout
                0x00000000080059b0       0x90 ./Drivers/STM32L0xx_HAL_Driver/stm32l0xx_hal_uart.o
                0x00000000080059b0                UART_WaitOnFlagUntilTimeout
 .text.UART_CheckIdleState
                0x0000000008005a40       0x64 ./Drivers/STM32L0xx_HAL_Driver/stm32l0xx_hal_uart.o
                0x0000000008005a40                UART_CheckIdleState
 .text.HAL_UART_Init
                0x0000000008005aa4       0x64 ./Drivers/STM32L0xx_HAL_Driver/stm32l0xx_hal_uart.o
                0x0000000008005aa4                HAL_UART_Init
 .text.UART_Start_Receive_IT
                0x0000000008005b08       0x94 ./Drivers/STM32L0xx_HAL_Driver/stm32l0xx_hal_uart.o
                0x0000000008005b08                UART_Start_Receive_IT
 .text.HAL_UART_Receive_IT
                0x0000000008005b9c       0x68 ./Drivers/STM32L0xx_HAL_Driver/stm32l0xx_hal_uart.o
                0x0000000008005b9c                HAL_UART_Receive_IT
 .text.HAL_UARTEx_WakeupCallback
                0x0000000008005c04        0x2 ./Drivers/STM32L0xx_HAL_Driver/stm32l0xx_hal_uart_ex.o
                0x0000000008005c04                HAL_UARTEx_WakeupCallback
 *fill*         0x0000000008005c06        0x2 
 .text.HAL_UARTEx_StopModeWakeUpSourceConfig
                0x0000000008005c08       0x88 ./Drivers/STM32L0xx_HAL_Driver/stm32l0xx_hal_uart_ex.o
                0x0000000008005c08                HAL_UARTEx_StopModeWakeUpSourceConfig
 .text.HAL_UARTEx_EnableStopMode
                0x0000000008005c90       0x20 ./Drivers/STM32L0xx_HAL_Driver/stm32l0xx_hal_uart_ex.o
                0x0000000008005c90                HAL_UARTEx_EnableStopMode
 .text.HAL_UARTEx_DisableStopMode
                0x0000000008005cb0       0x20 ./Drivers/STM32L0xx_HAL_Driver/stm32l0xx_hal_uart_ex.o
                0x0000000008005cb0                HAL_UARTEx_DisableStopMode
 .text.RadioCheckRfFrequency
                0x0000000008005cd0        0x4 ./Middlewares/SubGHz_Phy/radio.o
                0x0000000008005cd0                RadioCheckRfFrequency
 .text.RadioOnTxTimeoutIrq
                0x0000000008005cd4       0x18 ./Middlewares/SubGHz_Phy/radio.o
                0x0000000008005cd4                RadioOnTxTimeoutIrq
 .text.RadioOnRxTimeoutIrq
                0x0000000008005cec       0x18 ./Middlewares/SubGHz_Phy/radio.o
                0x0000000008005cec                RadioOnRxTimeoutIrq
 .text.RadioStandby
                0x0000000008005d04        0xa ./Middlewares/SubGHz_Phy/radio.o
                0x0000000008005d04                RadioStandby
 *fill*         0x0000000008005d0e        0x2 
 .text.RadioGetStatus
                0x0000000008005d10       0x1c ./Middlewares/SubGHz_Phy/radio.o
                0x0000000008005d10                RadioGetStatus
 .text.RadioSetChannel
                0x0000000008005d2c        0x8 ./Middlewares/SubGHz_Phy/radio.o
                0x0000000008005d2c                RadioSetChannel
 .text.RadioRead
                0x0000000008005d34        0xa ./Middlewares/SubGHz_Phy/radio.o
                0x0000000008005d34                RadioRead
 .text.RadioWrite
                0x0000000008005d3e        0xa ./Middlewares/SubGHz_Phy/radio.o
                0x0000000008005d3e                RadioWrite
 .text.RadioSend
                0x0000000008005d48       0x58 ./Middlewares/SubGHz_Phy/radio.o
                0x0000000008005d48                RadioSend
 .text.RadioSleep
                0x0000000008005da0       0x10 ./Middlewares/SubGHz_Phy/radio.o
                0x0000000008005da0                RadioSleep
 .text.RadioSetRxDutyCycle
                0x0000000008005db0        0x8 ./Middlewares/SubGHz_Phy/radio.o
                0x0000000008005db0                RadioSetRxDutyCycle
 .text.RadioStartCad
                0x0000000008005db8       0x16 ./Middlewares/SubGHz_Phy/radio.o
                0x0000000008005db8                RadioStartCad
 *fill*         0x0000000008005dce        0x2 
 .text.RadioSetTxContinuousWave
                0x0000000008005dd0       0x30 ./Middlewares/SubGHz_Phy/radio.o
                0x0000000008005dd0                RadioSetTxContinuousWave
 .text.RadioRssi
                0x0000000008005e00        0xa ./Middlewares/SubGHz_Phy/radio.o
                0x0000000008005e00                RadioRssi
 .text.RadioWriteBuffer
                0x0000000008005e0a        0xa ./Middlewares/SubGHz_Phy/radio.o
                0x0000000008005e0a                RadioWriteBuffer
 .text.RadioReadBuffer
                0x0000000008005e14        0xa ./Middlewares/SubGHz_Phy/radio.o
                0x0000000008005e14                RadioReadBuffer
 .text.RadioGetWakeupTime
                0x0000000008005e1e        0xa ./Middlewares/SubGHz_Phy/radio.o
                0x0000000008005e1e                RadioGetWakeupTime
 .text.RadioInit
                0x0000000008005e28       0x7c ./Middlewares/SubGHz_Phy/radio.o
                0x0000000008005e28                RadioInit
 .text.RadioGetFskBandwidthRegValue
                0x0000000008005ea4       0x34 ./Middlewares/SubGHz_Phy/radio.o
 .text.RadioTimeOnAir
                0x0000000008005ed8       0xf4 ./Middlewares/SubGHz_Phy/radio.o
                0x0000000008005ed8                RadioTimeOnAir
 .text.RadioSetMaxPayloadLength
                0x0000000008005fcc       0x2c ./Middlewares/SubGHz_Phy/radio.o
                0x0000000008005fcc                RadioSetMaxPayloadLength
 .text.RadioRx  0x0000000008005ff8       0x4c ./Middlewares/SubGHz_Phy/radio.o
                0x0000000008005ff8                RadioRx
 .text.RadioRxBoosted
                0x0000000008006044       0x4c ./Middlewares/SubGHz_Phy/radio.o
                0x0000000008006044                RadioRxBoosted
 .text.RadioIrqProcess
                0x0000000008006090      0x1f8 ./Middlewares/SubGHz_Phy/radio.o
                0x0000000008006090                RadioIrqProcess
 .text.RadioOnDioIrq
                0x0000000008006288       0x14 ./Middlewares/SubGHz_Phy/radio.o
                0x0000000008006288                RadioOnDioIrq
 .text.RadioSetPublicNetwork
                0x000000000800629c       0x3c ./Middlewares/SubGHz_Phy/radio.o
                0x000000000800629c                RadioSetPublicNetwork
 .text.RadioSetModem.part.0
                0x00000000080062d8       0x20 ./Middlewares/SubGHz_Phy/radio.o
 .text.RadioSetModem
                0x00000000080062f8       0x20 ./Middlewares/SubGHz_Phy/radio.o
                0x00000000080062f8                RadioSetModem
 .text.RadioSetRxConfig
                0x0000000008006318      0x220 ./Middlewares/SubGHz_Phy/radio.o
                0x0000000008006318                RadioSetRxConfig
 .text.RadioSetTxConfig
                0x0000000008006538      0x190 ./Middlewares/SubGHz_Phy/radio.o
                0x0000000008006538                RadioSetTxConfig
 .text.RadioIsChannelFree
                0x00000000080066c8       0x78 ./Middlewares/SubGHz_Phy/radio.o
                0x00000000080066c8                RadioIsChannelFree
 .text.RadioRandom
                0x0000000008006740       0x22 ./Middlewares/SubGHz_Phy/radio.o
                0x0000000008006740                RadioRandom
 *fill*         0x0000000008006762        0x2 
 .text.SX126xGetOperatingMode
                0x0000000008006764        0xc ./Middlewares/SubGHz_Phy/sx126x.o
                0x0000000008006764                SX126xGetOperatingMode
 .text.SX126xSetOperatingMode
                0x0000000008006770        0xc ./Middlewares/SubGHz_Phy/sx126x.o
                0x0000000008006770                SX126xSetOperatingMode
 .text.SX126xCheckDeviceReady
                0x000000000800677c       0x1c ./Middlewares/SubGHz_Phy/sx126x.o
                0x000000000800677c                SX126xCheckDeviceReady
 .text.SX126xGetPacketType
                0x0000000008006798        0xc ./Middlewares/SubGHz_Phy/sx126x.o
                0x0000000008006798                SX126xGetPacketType
 .text.SX126xWriteCommand
                0x00000000080067a4       0x42 ./Middlewares/SubGHz_Phy/sx126x.o
                0x00000000080067a4                SX126xWriteCommand
 *fill*         0x00000000080067e6        0x2 
 .text.SX126xSetSleep
                0x00000000080067e8       0x30 ./Middlewares/SubGHz_Phy/sx126x.o
                0x00000000080067e8                SX126xSetSleep
 .text.SX126xSetStandby
                0x0000000008006818       0x24 ./Middlewares/SubGHz_Phy/sx126x.o
                0x0000000008006818                SX126xSetStandby
 .text.SX126xSetTx
                0x000000000800683c       0x28 ./Middlewares/SubGHz_Phy/sx126x.o
                0x000000000800683c                SX126xSetTx
 .text.SX126xSetRx
                0x0000000008006864       0x28 ./Middlewares/SubGHz_Phy/sx126x.o
                0x0000000008006864                SX126xSetRx
 .text.SX126xSetRxDutyCycle
                0x000000000800688c       0x2c ./Middlewares/SubGHz_Phy/sx126x.o
                0x000000000800688c                SX126xSetRxDutyCycle
 .text.SX126xSetCad
                0x00000000080068b8       0x18 ./Middlewares/SubGHz_Phy/sx126x.o
                0x00000000080068b8                SX126xSetCad
 .text.SX126xSetTxContinuousWave
                0x00000000080068d0       0x18 ./Middlewares/SubGHz_Phy/sx126x.o
                0x00000000080068d0                SX126xSetTxContinuousWave
 .text.SX126xSetStopRxTimerOnPreambleDetect
                0x00000000080068e8       0x12 ./Middlewares/SubGHz_Phy/sx126x.o
                0x00000000080068e8                SX126xSetStopRxTimerOnPreambleDetect
 .text.SX126xSetRegulatorMode
                0x00000000080068fa       0x12 ./Middlewares/SubGHz_Phy/sx126x.o
                0x00000000080068fa                SX126xSetRegulatorMode
 .text.SX126xCalibrate
                0x000000000800690c       0x36 ./Middlewares/SubGHz_Phy/sx126x.o
                0x000000000800690c                SX126xCalibrate
 *fill*         0x0000000008006942        0x2 
 .text.SX126xCalibrateImage
                0x0000000008006944       0x68 ./Middlewares/SubGHz_Phy/sx126x.o
                0x0000000008006944                SX126xCalibrateImage
 .text.SX126xSetPaConfig
                0x00000000080069ac       0x18 ./Middlewares/SubGHz_Phy/sx126x.o
                0x00000000080069ac                SX126xSetPaConfig
 .text.SX126xSetDioIrqParams
                0x00000000080069c4       0x20 ./Middlewares/SubGHz_Phy/sx126x.o
                0x00000000080069c4                SX126xSetDioIrqParams
 .text.SX126xSetDio2AsRfSwitchCtrl
                0x00000000080069e4       0x12 ./Middlewares/SubGHz_Phy/sx126x.o
                0x00000000080069e4                SX126xSetDio2AsRfSwitchCtrl
 .text.SX126xSetDio3AsTcxoCtrl
                0x00000000080069f6       0x1e ./Middlewares/SubGHz_Phy/sx126x.o
                0x00000000080069f6                SX126xSetDio3AsTcxoCtrl
 .text.SX126xInit
                0x0000000008006a14       0x44 ./Middlewares/SubGHz_Phy/sx126x.o
                0x0000000008006a14                SX126xInit
 .text.SX126xSetRfFrequency
                0x0000000008006a58       0x40 ./Middlewares/SubGHz_Phy/sx126x.o
                0x0000000008006a58                SX126xSetRfFrequency
 .text.SX126xSetPacketType
                0x0000000008006a98       0x1c ./Middlewares/SubGHz_Phy/sx126x.o
                0x0000000008006a98                SX126xSetPacketType
 .text.SX126xSetModulationParams
                0x0000000008006ab4       0xa0 ./Middlewares/SubGHz_Phy/sx126x.o
                0x0000000008006ab4                SX126xSetModulationParams
 .text.SX126xSetBufferBaseAddress
                0x0000000008006b54       0x14 ./Middlewares/SubGHz_Phy/sx126x.o
                0x0000000008006b54                SX126xSetBufferBaseAddress
 .text.SX126xClearIrqStatus
                0x0000000008006b68       0x12 ./Middlewares/SubGHz_Phy/sx126x.o
                0x0000000008006b68                SX126xClearIrqStatus
 .text.SX126xReadCommand
                0x0000000008006b7a       0x40 ./Middlewares/SubGHz_Phy/sx126x.o
                0x0000000008006b7a                SX126xReadCommand
 .text.SX126xGetIrqStatus
                0x0000000008006bba       0x1a ./Middlewares/SubGHz_Phy/sx126x.o
                0x0000000008006bba                SX126xGetIrqStatus
 .text.SX126xGetRssiInst
                0x0000000008006bd4       0x16 ./Middlewares/SubGHz_Phy/sx126x.o
                0x0000000008006bd4                SX126xGetRssiInst
 *fill*         0x0000000008006bea        0x2 
 .text.SX126xGetPacketStatus
                0x0000000008006bec       0x6c ./Middlewares/SubGHz_Phy/sx126x.o
                0x0000000008006bec                SX126xGetPacketStatus
 .text.SX126xWriteRegisters
                0x0000000008006c58       0x40 ./Middlewares/SubGHz_Phy/sx126x.o
                0x0000000008006c58                SX126xWriteRegisters
 .text.SX126xSetSyncWord
                0x0000000008006c98       0x12 ./Middlewares/SubGHz_Phy/sx126x.o
                0x0000000008006c98                SX126xSetSyncWord
 *fill*         0x0000000008006caa        0x2 
 .text.SX126xSetCrcSeed
                0x0000000008006cac       0x24 ./Middlewares/SubGHz_Phy/sx126x.o
                0x0000000008006cac                SX126xSetCrcSeed
 .text.SX126xSetCrcPolynomial
                0x0000000008006cd0       0x24 ./Middlewares/SubGHz_Phy/sx126x.o
                0x0000000008006cd0                SX126xSetCrcPolynomial
 .text.SX126xSetPacketParams
                0x0000000008006cf4       0xac ./Middlewares/SubGHz_Phy/sx126x.o
                0x0000000008006cf4                SX126xSetPacketParams
 .text.SX126xWriteRegister
                0x0000000008006da0       0x12 ./Middlewares/SubGHz_Phy/sx126x.o
                0x0000000008006da0                SX126xWriteRegister
 *fill*         0x0000000008006db2        0x2 
 .text.SX126xSetRxBoosted
                0x0000000008006db4       0x30 ./Middlewares/SubGHz_Phy/sx126x.o
                0x0000000008006db4                SX126xSetRxBoosted
 .text.SX126xSetLoRaSymbNumTimeout
                0x0000000008006de4       0x2c ./Middlewares/SubGHz_Phy/sx126x.o
                0x0000000008006de4                SX126xSetLoRaSymbNumTimeout
 .text.SX126xReadRegisters
                0x0000000008006e10       0x48 ./Middlewares/SubGHz_Phy/sx126x.o
                0x0000000008006e10                SX126xReadRegisters
 .text.SX126xReadRegister
                0x0000000008006e58       0x12 ./Middlewares/SubGHz_Phy/sx126x.o
                0x0000000008006e58                SX126xReadRegister
 *fill*         0x0000000008006e6a        0x2 
 .text.SX126xSetWhiteningSeed
                0x0000000008006e6c       0x3c ./Middlewares/SubGHz_Phy/sx126x.o
                0x0000000008006e6c                SX126xSetWhiteningSeed
 .text.SX126xGetRandom
                0x0000000008006ea8       0x74 ./Middlewares/SubGHz_Phy/sx126x.o
                0x0000000008006ea8                SX126xGetRandom
 .text.SX126xSetTxParams
                0x0000000008006f1c       0x90 ./Middlewares/SubGHz_Phy/sx126x.o
                0x0000000008006f1c                SX126xSetTxParams
 .text.SX126xSetRfTxPower
                0x0000000008006fac        0xa ./Middlewares/SubGHz_Phy/sx126x.o
                0x0000000008006fac                SX126xSetRfTxPower
 *fill*         0x0000000008006fb6        0x2 
 .text.SX126xGetRxBufferStatus
                0x0000000008006fb8       0x40 ./Middlewares/SubGHz_Phy/sx126x.o
                0x0000000008006fb8                SX126xGetRxBufferStatus
 .text.SX126xWriteBuffer
                0x0000000008006ff8       0x3a ./Middlewares/SubGHz_Phy/sx126x.o
                0x0000000008006ff8                SX126xWriteBuffer
 .text.SX126xSetPayload
                0x0000000008007032        0xe ./Middlewares/SubGHz_Phy/sx126x.o
                0x0000000008007032                SX126xSetPayload
 .text.SX126xSendPayload
                0x0000000008007040       0x10 ./Middlewares/SubGHz_Phy/sx126x.o
                0x0000000008007040                SX126xSendPayload
 .text.SX126xReadBuffer
                0x0000000008007050       0x42 ./Middlewares/SubGHz_Phy/sx126x.o
                0x0000000008007050                SX126xReadBuffer
 .text.SX126xGetPayload
                0x0000000008007092       0x2c ./Middlewares/SubGHz_Phy/sx126x.o
                0x0000000008007092                SX126xGetPayload
 *fill*         0x00000000080070be        0x2 
 .text.TRACE_AllocateBufer
                0x00000000080070c0       0x68 ./Utilities/stm32_adv_trace.o
 .text.TRACE_Lock
                0x0000000008007128       0x18 ./Utilities/stm32_adv_trace.o
 .text.TRACE_UnLock
                0x0000000008007140       0x18 ./Utilities/stm32_adv_trace.o
 .text.UTIL_ADV_TRACE_Init
                0x0000000008007158       0x34 ./Utilities/stm32_adv_trace.o
                0x0000000008007158                UTIL_ADV_TRACE_Init
 .text.UTIL_ADV_TRACE_IoInit
                0x000000000800718c       0x10 ./Utilities/stm32_adv_trace.o
                0x000000000800718c                UTIL_ADV_TRACE_IoInit
 .text.UTIL_ADV_TRACE_IoDeInit
                0x000000000800719c       0x10 ./Utilities/stm32_adv_trace.o
                0x000000000800719c                UTIL_ADV_TRACE_IoDeInit
 .text.UTIL_ADV_TRACE_RegisterTimeStampFunction
                0x00000000080071ac        0xc ./Utilities/stm32_adv_trace.o
                0x00000000080071ac                UTIL_ADV_TRACE_RegisterTimeStampFunction
 .text.UTIL_ADV_TRACE_SetVerboseLevel
                0x00000000080071b8        0xc ./Utilities/stm32_adv_trace.o
                0x00000000080071b8                UTIL_ADV_TRACE_SetVerboseLevel
 .text.TRACE_Send
                0x00000000080071c4       0x84 ./Utilities/stm32_adv_trace.o
 .text.UTIL_ADV_TRACE_COND_FSend
                0x0000000008007248       0xcc ./Utilities/stm32_adv_trace.o
                0x0000000008007248                UTIL_ADV_TRACE_COND_FSend
 .text.TRACE_TxCpltCallback
                0x0000000008007314       0x94 ./Utilities/stm32_adv_trace.o
 .text.UTIL_LPM_Init
                0x00000000080073a8       0x10 ./Utilities/stm32_lpm.o
                0x00000000080073a8                UTIL_LPM_Init
 .text.UTIL_LPM_SetStopMode
                0x00000000080073b8       0x2c ./Utilities/stm32_lpm.o
                0x00000000080073b8                UTIL_LPM_SetStopMode
 .text.UTIL_LPM_SetOffMode
                0x00000000080073e4       0x2c ./Utilities/stm32_lpm.o
                0x00000000080073e4                UTIL_LPM_SetOffMode
 .text.UTIL_LPM_GetMode
                0x0000000008007410       0x24 ./Utilities/stm32_lpm.o
                0x0000000008007410                UTIL_LPM_GetMode
 .text.UTIL_LPM_EnterLowPower
                0x0000000008007434       0x48 ./Utilities/stm32_lpm.o
                0x0000000008007434                UTIL_LPM_EnterLowPower
 .text.UTIL_MEM_set_8
                0x000000000800747c       0x18 ./Utilities/stm32_mem.o
                0x000000000800747c                UTIL_MEM_set_8
 .text.UTIL_SEQ_SetTask
                0x0000000008007494       0x24 ./Utilities/stm32_seq.o
                0x0000000008007494                UTIL_SEQ_SetTask
 .text.UTIL_SEQ_PreIdle
                0x00000000080074b8        0x2 ./Utilities/stm32_seq.o
                0x00000000080074b8                UTIL_SEQ_PreIdle
 .text.UTIL_SEQ_PostIdle
                0x00000000080074ba        0x2 ./Utilities/stm32_seq.o
                0x00000000080074ba                UTIL_SEQ_PostIdle
 .text.SEQ_BitPosition
                0x00000000080074bc       0x34 ./Utilities/stm32_seq.o
                0x00000000080074bc                SEQ_BitPosition
 .text.UTIL_SEQ_Run
                0x00000000080074f0       0xcc ./Utilities/stm32_seq.o
                0x00000000080074f0                UTIL_SEQ_Run
 .text.UTIL_SEQ_RegTask
                0x00000000080075bc       0x20 ./Utilities/stm32_seq.o
                0x00000000080075bc                UTIL_SEQ_RegTask
 .text.SysTimeGet
                0x00000000080075dc       0x58 ./Utilities/stm32_systime.o
                0x00000000080075dc                SysTimeGet
 .text.UTIL_TIMER_Init
                0x0000000008007634       0x18 ./Utilities/stm32_timer.o
                0x0000000008007634                UTIL_TIMER_Init
 .text.UTIL_TIMER_Create
                0x000000000800764c       0x38 ./Utilities/stm32_timer.o
                0x000000000800764c                UTIL_TIMER_Create
 .text.UTIL_TIMER_GetCurrentTime
                0x0000000008007684       0x14 ./Utilities/stm32_timer.o
                0x0000000008007684                UTIL_TIMER_GetCurrentTime
 .text.UTIL_TIMER_GetElapsedTime
                0x0000000008007698       0x20 ./Utilities/stm32_timer.o
                0x0000000008007698                UTIL_TIMER_GetElapsedTime
 .text.TimerExists
                0x00000000080076b8       0x1c ./Utilities/stm32_timer.o
                0x00000000080076b8                TimerExists
 .text.TimerSetTimeout
                0x00000000080076d4       0x38 ./Utilities/stm32_timer.o
                0x00000000080076d4                TimerSetTimeout
 .text.UTIL_TIMER_Stop
                0x000000000800770c       0x60 ./Utilities/stm32_timer.o
                0x000000000800770c                UTIL_TIMER_Stop
 .text.TimerInsertTimer
                0x000000000800776c       0x2c ./Utilities/stm32_timer.o
                0x000000000800776c                TimerInsertTimer
 .text.TimerInsertNewHeadTimer
                0x0000000008007798       0x1c ./Utilities/stm32_timer.o
                0x0000000008007798                TimerInsertNewHeadTimer
 .text.UTIL_TIMER_Start
                0x00000000080077b4       0x84 ./Utilities/stm32_timer.o
                0x00000000080077b4                UTIL_TIMER_Start
 .text.UTIL_TIMER_SetPeriod
                0x0000000008007838       0x38 ./Utilities/stm32_timer.o
                0x0000000008007838                UTIL_TIMER_SetPeriod
 .text.UTIL_TIMER_IRQ_Handler
                0x0000000008007870       0x8c ./Utilities/stm32_timer.o
                0x0000000008007870                UTIL_TIMER_IRQ_Handler
 .text.tiny_vsnprintf_like
                0x00000000080078fc      0x25c ./Utilities/stm32_tiny_vsnprintf.o
                0x00000000080078fc                tiny_vsnprintf_like
 .text.__errno  0x0000000008007b58        0xc c:/st/stm32cubeide_1.8.0/stm32cubeide/plugins/com.st.stm32cube.ide.mcu.externaltools.gnu-tools-for-stm32.9-2020-q2-update.win32_2.0.0.202105311346/tools/bin/../lib/gcc/arm-none-eabi/9.3.1/../../../../arm-none-eabi/lib/thumb/v6-m/nofp\libc_nano.a(lib_a-errno.o)
                0x0000000008007b58                __errno
 .text.__libc_init_array
                0x0000000008007b64       0x48 c:/st/stm32cubeide_1.8.0/stm32cubeide/plugins/com.st.stm32cube.ide.mcu.externaltools.gnu-tools-for-stm32.9-2020-q2-update.win32_2.0.0.202105311346/tools/bin/../lib/gcc/arm-none-eabi/9.3.1/../../../../arm-none-eabi/lib/thumb/v6-m/nofp\libc_nano.a(lib_a-init.o)
                0x0000000008007b64                __libc_init_array
 .text.memcpy   0x0000000008007bac       0x12 c:/st/stm32cubeide_1.8.0/stm32cubeide/plugins/com.st.stm32cube.ide.mcu.externaltools.gnu-tools-for-stm32.9-2020-q2-update.win32_2.0.0.202105311346/tools/bin/../lib/gcc/arm-none-eabi/9.3.1/../../../../arm-none-eabi/lib/thumb/v6-m/nofp\libc_nano.a(lib_a-memcpy-stub.o)
                0x0000000008007bac                memcpy
 .text.memset   0x0000000008007bbe       0x10 c:/st/stm32cubeide_1.8.0/stm32cubeide/plugins/com.st.stm32cube.ide.mcu.externaltools.gnu-tools-for-stm32.9-2020-q2-update.win32_2.0.0.202105311346/tools/bin/../lib/gcc/arm-none-eabi/9.3.1/../../../../arm-none-eabi/lib/thumb/v6-m/nofp\libc_nano.a(lib_a-memset.o)
                0x0000000008007bbe                memset
 *fill*         0x0000000008007bce        0x2 
 .text.printf   0x0000000008007bd0       0x34 c:/st/stm32cubeide_1.8.0/stm32cubeide/plugins/com.st.stm32cube.ide.mcu.externaltools.gnu-tools-for-stm32.9-2020-q2-update.win32_2.0.0.202105311346/tools/bin/../lib/gcc/arm-none-eabi/9.3.1/../../../../arm-none-eabi/lib/thumb/v6-m/nofp\libc_nano.a(lib_a-printf.o)
                0x0000000008007bd0                iprintf
                0x0000000008007bd0                printf
 .text.strncmp  0x0000000008007c04       0x22 c:/st/stm32cubeide_1.8.0/stm32cubeide/plugins/com.st.stm32cube.ide.mcu.externaltools.gnu-tools-for-stm32.9-2020-q2-update.win32_2.0.0.202105311346/tools/bin/../lib/gcc/arm-none-eabi/9.3.1/../../../../arm-none-eabi/lib/thumb/v6-m/nofp\libc_nano.a(lib_a-strncmp.o)
                0x0000000008007c04                strncmp
 *fill*         0x0000000008007c26        0x2 
 .text.std      0x0000000008007c28       0x48 c:/st/stm32cubeide_1.8.0/stm32cubeide/plugins/com.st.stm32cube.ide.mcu.externaltools.gnu-tools-for-stm32.9-2020-q2-update.win32_2.0.0.202105311346/tools/bin/../lib/gcc/arm-none-eabi/9.3.1/../../../../arm-none-eabi/lib/thumb/v6-m/nofp\libc_nano.a(lib_a-findfp.o)
 .text._cleanup_r
                0x0000000008007c70       0x10 c:/st/stm32cubeide_1.8.0/stm32cubeide/plugins/com.st.stm32cube.ide.mcu.externaltools.gnu-tools-for-stm32.9-2020-q2-update.win32_2.0.0.202105311346/tools/bin/../lib/gcc/arm-none-eabi/9.3.1/../../../../arm-none-eabi/lib/thumb/v6-m/nofp\libc_nano.a(lib_a-findfp.o)
                0x0000000008007c70                _cleanup_r
 .text.__sfmoreglue
                0x0000000008007c80       0x2c c:/st/stm32cubeide_1.8.0/stm32cubeide/plugins/com.st.stm32cube.ide.mcu.externaltools.gnu-tools-for-stm32.9-2020-q2-update.win32_2.0.0.202105311346/tools/bin/../lib/gcc/arm-none-eabi/9.3.1/../../../../arm-none-eabi/lib/thumb/v6-m/nofp\libc_nano.a(lib_a-findfp.o)
                0x0000000008007c80                __sfmoreglue
 .text.__sfp_lock_acquire
                0x0000000008007cac       0x10 c:/st/stm32cubeide_1.8.0/stm32cubeide/plugins/com.st.stm32cube.ide.mcu.externaltools.gnu-tools-for-stm32.9-2020-q2-update.win32_2.0.0.202105311346/tools/bin/../lib/gcc/arm-none-eabi/9.3.1/../../../../arm-none-eabi/lib/thumb/v6-m/nofp\libc_nano.a(lib_a-findfp.o)
                0x0000000008007cac                __sfp_lock_acquire
 .text.__sfp_lock_release
                0x0000000008007cbc       0x10 c:/st/stm32cubeide_1.8.0/stm32cubeide/plugins/com.st.stm32cube.ide.mcu.externaltools.gnu-tools-for-stm32.9-2020-q2-update.win32_2.0.0.202105311346/tools/bin/../lib/gcc/arm-none-eabi/9.3.1/../../../../arm-none-eabi/lib/thumb/v6-m/nofp\libc_nano.a(lib_a-findfp.o)
                0x0000000008007cbc                __sfp_lock_release
 .text.__sinit_lock_acquire
                0x0000000008007ccc       0x10 c:/st/stm32cubeide_1.8.0/stm32cubeide/plugins/com.st.stm32cube.ide.mcu.externaltools.gnu-tools-for-stm32.9-2020-q2-update.win32_2.0.0.202105311346/tools/bin/../lib/gcc/arm-none-eabi/9.3.1/../../../../arm-none-eabi/lib/thumb/v6-m/nofp\libc_nano.a(lib_a-findfp.o)
                0x0000000008007ccc                __sinit_lock_acquire
 .text.__sinit_lock_release
                0x0000000008007cdc       0x10 c:/st/stm32cubeide_1.8.0/stm32cubeide/plugins/com.st.stm32cube.ide.mcu.externaltools.gnu-tools-for-stm32.9-2020-q2-update.win32_2.0.0.202105311346/tools/bin/../lib/gcc/arm-none-eabi/9.3.1/../../../../arm-none-eabi/lib/thumb/v6-m/nofp\libc_nano.a(lib_a-findfp.o)
                0x0000000008007cdc                __sinit_lock_release
 .text.__sinit  0x0000000008007cec       0x70 c:/st/stm32cubeide_1.8.0/stm32cubeide/plugins/com.st.stm32cube.ide.mcu.externaltools.gnu-tools-for-stm32.9-2020-q2-update.win32_2.0.0.202105311346/tools/bin/../lib/gcc/arm-none-eabi/9.3.1/../../../../arm-none-eabi/lib/thumb/v6-m/nofp\libc_nano.a(lib_a-findfp.o)
                0x0000000008007cec                __sinit
 .text.__sfp    0x0000000008007d5c       0x90 c:/st/stm32cubeide_1.8.0/stm32cubeide/plugins/com.st.stm32cube.ide.mcu.externaltools.gnu-tools-for-stm32.9-2020-q2-update.win32_2.0.0.202105311346/tools/bin/../lib/gcc/arm-none-eabi/9.3.1/../../../../arm-none-eabi/lib/thumb/v6-m/nofp\libc_nano.a(lib_a-findfp.o)
                0x0000000008007d5c                __sfp
 .text._fwalk_reent
                0x0000000008007dec       0x40 c:/st/stm32cubeide_1.8.0/stm32cubeide/plugins/com.st.stm32cube.ide.mcu.externaltools.gnu-tools-for-stm32.9-2020-q2-update.win32_2.0.0.202105311346/tools/bin/../lib/gcc/arm-none-eabi/9.3.1/../../../../arm-none-eabi/lib/thumb/v6-m/nofp\libc_nano.a(lib_a-fwalk.o)
                0x0000000008007dec                _fwalk_reent
 .text.__retarget_lock_init_recursive
                0x0000000008007e2c        0x2 c:/st/stm32cubeide_1.8.0/stm32cubeide/plugins/com.st.stm32cube.ide.mcu.externaltools.gnu-tools-for-stm32.9-2020-q2-update.win32_2.0.0.202105311346/tools/bin/../lib/gcc/arm-none-eabi/9.3.1/../../../../arm-none-eabi/lib/thumb/v6-m/nofp\libc_nano.a(lib_a-lock.o)
                0x0000000008007e2c                __retarget_lock_init_recursive
 .text.__retarget_lock_acquire_recursive
                0x0000000008007e2e        0x2 c:/st/stm32cubeide_1.8.0/stm32cubeide/plugins/com.st.stm32cube.ide.mcu.externaltools.gnu-tools-for-stm32.9-2020-q2-update.win32_2.0.0.202105311346/tools/bin/../lib/gcc/arm-none-eabi/9.3.1/../../../../arm-none-eabi/lib/thumb/v6-m/nofp\libc_nano.a(lib_a-lock.o)
                0x0000000008007e2e                __retarget_lock_acquire_recursive
 .text.__retarget_lock_release_recursive
                0x0000000008007e30        0x2 c:/st/stm32cubeide_1.8.0/stm32cubeide/plugins/com.st.stm32cube.ide.mcu.externaltools.gnu-tools-for-stm32.9-2020-q2-update.win32_2.0.0.202105311346/tools/bin/../lib/gcc/arm-none-eabi/9.3.1/../../../../arm-none-eabi/lib/thumb/v6-m/nofp\libc_nano.a(lib_a-lock.o)
                0x0000000008007e30                __retarget_lock_release_recursive
 *fill*         0x0000000008007e32        0x2 
 .text._malloc_r
                0x0000000008007e34       0xbc c:/st/stm32cubeide_1.8.0/stm32cubeide/plugins/com.st.stm32cube.ide.mcu.externaltools.gnu-tools-for-stm32.9-2020-q2-update.win32_2.0.0.202105311346/tools/bin/../lib/gcc/arm-none-eabi/9.3.1/../../../../arm-none-eabi/lib/thumb/v6-m/nofp\libc_nano.a(lib_a-nano-mallocr.o)
                0x0000000008007e34                _malloc_r
 .text.__sfputc_r
                0x0000000008007ef0       0x2a c:/st/stm32cubeide_1.8.0/stm32cubeide/plugins/com.st.stm32cube.ide.mcu.externaltools.gnu-tools-for-stm32.9-2020-q2-update.win32_2.0.0.202105311346/tools/bin/../lib/gcc/arm-none-eabi/9.3.1/../../../../arm-none-eabi/lib/thumb/v6-m/nofp\libc_nano.a(lib_a-nano-vfprintf.o)
 .text.__sfputs_r
                0x0000000008007f1a       0x24 c:/st/stm32cubeide_1.8.0/stm32cubeide/plugins/com.st.stm32cube.ide.mcu.externaltools.gnu-tools-for-stm32.9-2020-q2-update.win32_2.0.0.202105311346/tools/bin/../lib/gcc/arm-none-eabi/9.3.1/../../../../arm-none-eabi/lib/thumb/v6-m/nofp\libc_nano.a(lib_a-nano-vfprintf.o)
                0x0000000008007f1a                __sfputs_r
 *fill*         0x0000000008007f3e        0x2 
 .text._vfprintf_r
                0x0000000008007f40      0x274 c:/st/stm32cubeide_1.8.0/stm32cubeide/plugins/com.st.stm32cube.ide.mcu.externaltools.gnu-tools-for-stm32.9-2020-q2-update.win32_2.0.0.202105311346/tools/bin/../lib/gcc/arm-none-eabi/9.3.1/../../../../arm-none-eabi/lib/thumb/v6-m/nofp\libc_nano.a(lib_a-nano-vfprintf.o)
                0x0000000008007f40                _vfprintf_r
                0x0000000008007f40                _vfiprintf_r
 .text._printf_common
                0x00000000080081b4       0xde c:/st/stm32cubeide_1.8.0/stm32cubeide/plugins/com.st.stm32cube.ide.mcu.externaltools.gnu-tools-for-stm32.9-2020-q2-update.win32_2.0.0.202105311346/tools/bin/../lib/gcc/arm-none-eabi/9.3.1/../../../../arm-none-eabi/lib/thumb/v6-m/nofp\libc_nano.a(lib_a-nano-vfprintf_i.o)
                0x00000000080081b4                _printf_common
 *fill*         0x0000000008008292        0x2 
 .text._printf_i
                0x0000000008008294      0x224 c:/st/stm32cubeide_1.8.0/stm32cubeide/plugins/com.st.stm32cube.ide.mcu.externaltools.gnu-tools-for-stm32.9-2020-q2-update.win32_2.0.0.202105311346/tools/bin/../lib/gcc/arm-none-eabi/9.3.1/../../../../arm-none-eabi/lib/thumb/v6-m/nofp\libc_nano.a(lib_a-nano-vfprintf_i.o)
                0x0000000008008294                _printf_i
 .text._sbrk_r  0x00000000080084b8       0x24 c:/st/stm32cubeide_1.8.0/stm32cubeide/plugins/com.st.stm32cube.ide.mcu.externaltools.gnu-tools-for-stm32.9-2020-q2-update.win32_2.0.0.202105311346/tools/bin/../lib/gcc/arm-none-eabi/9.3.1/../../../../arm-none-eabi/lib/thumb/v6-m/nofp\libc_nano.a(lib_a-sbrkr.o)
                0x00000000080084b8                _sbrk_r
 .text.__sread  0x00000000080084dc       0x28 c:/st/stm32cubeide_1.8.0/stm32cubeide/plugins/com.st.stm32cube.ide.mcu.externaltools.gnu-tools-for-stm32.9-2020-q2-update.win32_2.0.0.202105311346/tools/bin/../lib/gcc/arm-none-eabi/9.3.1/../../../../arm-none-eabi/lib/thumb/v6-m/nofp\libc_nano.a(lib_a-stdio.o)
                0x00000000080084dc                __sread
 .text.__swrite
                0x0000000008008504       0x38 c:/st/stm32cubeide_1.8.0/stm32cubeide/plugins/com.st.stm32cube.ide.mcu.externaltools.gnu-tools-for-stm32.9-2020-q2-update.win32_2.0.0.202105311346/tools/bin/../lib/gcc/arm-none-eabi/9.3.1/../../../../arm-none-eabi/lib/thumb/v6-m/nofp\libc_nano.a(lib_a-stdio.o)
                0x0000000008008504                __swrite
 .text.__sseek  0x000000000800853c       0x2c c:/st/stm32cubeide_1.8.0/stm32cubeide/plugins/com.st.stm32cube.ide.mcu.externaltools.gnu-tools-for-stm32.9-2020-q2-update.win32_2.0.0.202105311346/tools/bin/../lib/gcc/arm-none-eabi/9.3.1/../../../../arm-none-eabi/lib/thumb/v6-m/nofp\libc_nano.a(lib_a-stdio.o)
                0x000000000800853c                __sseek
 .text.__sclose
                0x0000000008008568        0xc c:/st/stm32cubeide_1.8.0/stm32cubeide/plugins/com.st.stm32cube.ide.mcu.externaltools.gnu-tools-for-stm32.9-2020-q2-update.win32_2.0.0.202105311346/tools/bin/../lib/gcc/arm-none-eabi/9.3.1/../../../../arm-none-eabi/lib/thumb/v6-m/nofp\libc_nano.a(lib_a-stdio.o)
                0x0000000008008568                __sclose
 .text.__swbuf_r
                0x0000000008008574       0xac c:/st/stm32cubeide_1.8.0/stm32cubeide/plugins/com.st.stm32cube.ide.mcu.externaltools.gnu-tools-for-stm32.9-2020-q2-update.win32_2.0.0.202105311346/tools/bin/../lib/gcc/arm-none-eabi/9.3.1/../../../../arm-none-eabi/lib/thumb/v6-m/nofp\libc_nano.a(lib_a-wbuf.o)
                0x0000000008008574                __swbuf_r
 .text._write_r
                0x0000000008008620       0x28 c:/st/stm32cubeide_1.8.0/stm32cubeide/plugins/com.st.stm32cube.ide.mcu.externaltools.gnu-tools-for-stm32.9-2020-q2-update.win32_2.0.0.202105311346/tools/bin/../lib/gcc/arm-none-eabi/9.3.1/../../../../arm-none-eabi/lib/thumb/v6-m/nofp\libc_nano.a(lib_a-writer.o)
                0x0000000008008620                _write_r
 .text.__swsetup_r
                0x0000000008008648       0xf0 c:/st/stm32cubeide_1.8.0/stm32cubeide/plugins/com.st.stm32cube.ide.mcu.externaltools.gnu-tools-for-stm32.9-2020-q2-update.win32_2.0.0.202105311346/tools/bin/../lib/gcc/arm-none-eabi/9.3.1/../../../../arm-none-eabi/lib/thumb/v6-m/nofp\libc_nano.a(lib_a-wsetup.o)
                0x0000000008008648                __swsetup_r
 .text._close_r
                0x0000000008008738       0x24 c:/st/stm32cubeide_1.8.0/stm32cubeide/plugins/com.st.stm32cube.ide.mcu.externaltools.gnu-tools-for-stm32.9-2020-q2-update.win32_2.0.0.202105311346/tools/bin/../lib/gcc/arm-none-eabi/9.3.1/../../../../arm-none-eabi/lib/thumb/v6-m/nofp\libc_nano.a(lib_a-closer.o)
                0x0000000008008738                _close_r
 .text.__sflush_r
                0x000000000800875c      0x118 c:/st/stm32cubeide_1.8.0/stm32cubeide/plugins/com.st.stm32cube.ide.mcu.externaltools.gnu-tools-for-stm32.9-2020-q2-update.win32_2.0.0.202105311346/tools/bin/../lib/gcc/arm-none-eabi/9.3.1/../../../../arm-none-eabi/lib/thumb/v6-m/nofp\libc_nano.a(lib_a-fflush.o)
                0x000000000800875c                __sflush_r
 .text._fflush_r
                0x0000000008008874       0x80 c:/st/stm32cubeide_1.8.0/stm32cubeide/plugins/com.st.stm32cube.ide.mcu.externaltools.gnu-tools-for-stm32.9-2020-q2-update.win32_2.0.0.202105311346/tools/bin/../lib/gcc/arm-none-eabi/9.3.1/../../../../arm-none-eabi/lib/thumb/v6-m/nofp\libc_nano.a(lib_a-fflush.o)
                0x0000000008008874                _fflush_r
 .text._lseek_r
                0x00000000080088f4       0x28 c:/st/stm32cubeide_1.8.0/stm32cubeide/plugins/com.st.stm32cube.ide.mcu.externaltools.gnu-tools-for-stm32.9-2020-q2-update.win32_2.0.0.202105311346/tools/bin/../lib/gcc/arm-none-eabi/9.3.1/../../../../arm-none-eabi/lib/thumb/v6-m/nofp\libc_nano.a(lib_a-lseekr.o)
                0x00000000080088f4                _lseek_r
 .text.__swhatbuf_r
                0x000000000800891c       0x50 c:/st/stm32cubeide_1.8.0/stm32cubeide/plugins/com.st.stm32cube.ide.mcu.externaltools.gnu-tools-for-stm32.9-2020-q2-update.win32_2.0.0.202105311346/tools/bin/../lib/gcc/arm-none-eabi/9.3.1/../../../../arm-none-eabi/lib/thumb/v6-m/nofp\libc_nano.a(lib_a-makebuf.o)
                0x000000000800891c                __swhatbuf_r
 .text.__smakebuf_r
                0x000000000800896c       0x88 c:/st/stm32cubeide_1.8.0/stm32cubeide/plugins/com.st.stm32cube.ide.mcu.externaltools.gnu-tools-for-stm32.9-2020-q2-update.win32_2.0.0.202105311346/tools/bin/../lib/gcc/arm-none-eabi/9.3.1/../../../../arm-none-eabi/lib/thumb/v6-m/nofp\libc_nano.a(lib_a-makebuf.o)
                0x000000000800896c                __smakebuf_r
 .text.memchr   0x00000000080089f4       0x16 c:/st/stm32cubeide_1.8.0/stm32cubeide/plugins/com.st.stm32cube.ide.mcu.externaltools.gnu-tools-for-stm32.9-2020-q2-update.win32_2.0.0.202105311346/tools/bin/../lib/gcc/arm-none-eabi/9.3.1/../../../../arm-none-eabi/lib/thumb/v6-m/nofp\libc_nano.a(lib_a-memchr-stub.o)
                0x00000000080089f4                memchr
 *fill*         0x0000000008008a0a        0x2 
 .text.__malloc_lock
                0x0000000008008a0c       0x10 c:/st/stm32cubeide_1.8.0/stm32cubeide/plugins/com.st.stm32cube.ide.mcu.externaltools.gnu-tools-for-stm32.9-2020-q2-update.win32_2.0.0.202105311346/tools/bin/../lib/gcc/arm-none-eabi/9.3.1/../../../../arm-none-eabi/lib/thumb/v6-m/nofp\libc_nano.a(lib_a-mlock.o)
                0x0000000008008a0c                __malloc_lock
 .text.__malloc_unlock
                0x0000000008008a1c       0x10 c:/st/stm32cubeide_1.8.0/stm32cubeide/plugins/com.st.stm32cube.ide.mcu.externaltools.gnu-tools-for-stm32.9-2020-q2-update.win32_2.0.0.202105311346/tools/bin/../lib/gcc/arm-none-eabi/9.3.1/../../../../arm-none-eabi/lib/thumb/v6-m/nofp\libc_nano.a(lib_a-mlock.o)
                0x0000000008008a1c                __malloc_unlock
 .text._free_r  0x0000000008008a2c       0x94 c:/st/stm32cubeide_1.8.0/stm32cubeide/plugins/com.st.stm32cube.ide.mcu.externaltools.gnu-tools-for-stm32.9-2020-q2-update.win32_2.0.0.202105311346/tools/bin/../lib/gcc/arm-none-eabi/9.3.1/../../../../arm-none-eabi/lib/thumb/v6-m/nofp\libc_nano.a(lib_a-nano-freer.o)
                0x0000000008008a2c                _free_r
 .text._read_r  0x0000000008008ac0       0x28 c:/st/stm32cubeide_1.8.0/stm32cubeide/plugins/com.st.stm32cube.ide.mcu.externaltools.gnu-tools-for-stm32.9-2020-q2-update.win32_2.0.0.202105311346/tools/bin/../lib/gcc/arm-none-eabi/9.3.1/../../../../arm-none-eabi/lib/thumb/v6-m/nofp\libc_nano.a(lib_a-readr.o)
                0x0000000008008ac0                _read_r
 .text._fstat_r
                0x0000000008008ae8       0x24 c:/st/stm32cubeide_1.8.0/stm32cubeide/plugins/com.st.stm32cube.ide.mcu.externaltools.gnu-tools-for-stm32.9-2020-q2-update.win32_2.0.0.202105311346/tools/bin/../lib/gcc/arm-none-eabi/9.3.1/../../../../arm-none-eabi/lib/thumb/v6-m/nofp\libc_nano.a(lib_a-fstatr.o)
                0x0000000008008ae8                _fstat_r
 .text._isatty_r
                0x0000000008008b0c       0x24 c:/st/stm32cubeide_1.8.0/stm32cubeide/plugins/com.st.stm32cube.ide.mcu.externaltools.gnu-tools-for-stm32.9-2020-q2-update.win32_2.0.0.202105311346/tools/bin/../lib/gcc/arm-none-eabi/9.3.1/../../../../arm-none-eabi/lib/thumb/v6-m/nofp\libc_nano.a(lib_a-isattyr.o)
                0x0000000008008b0c                _isatty_r
 *(.glue_7)
 .glue_7        0x0000000008008b30        0x0 linker stubs
 *(.glue_7t)
 .glue_7t       0x0000000008008b30        0x0 linker stubs
 *(.eh_frame)
 .eh_frame      0x0000000008008b30        0x0 c:/st/stm32cubeide_1.8.0/stm32cubeide/plugins/com.st.stm32cube.ide.mcu.externaltools.gnu-tools-for-stm32.9-2020-q2-update.win32_2.0.0.202105311346/tools/bin/../lib/gcc/arm-none-eabi/9.3.1/thumb/v6-m/nofp/crtbegin.o
 *(.init)
 .init          0x0000000008008b30        0x4 c:/st/stm32cubeide_1.8.0/stm32cubeide/plugins/com.st.stm32cube.ide.mcu.externaltools.gnu-tools-for-stm32.9-2020-q2-update.win32_2.0.0.202105311346/tools/bin/../lib/gcc/arm-none-eabi/9.3.1/thumb/v6-m/nofp/crti.o
                0x0000000008008b30                _init
 .init          0x0000000008008b34        0x8 c:/st/stm32cubeide_1.8.0/stm32cubeide/plugins/com.st.stm32cube.ide.mcu.externaltools.gnu-tools-for-stm32.9-2020-q2-update.win32_2.0.0.202105311346/tools/bin/../lib/gcc/arm-none-eabi/9.3.1/thumb/v6-m/nofp/crtn.o
 *(.fini)
 .fini          0x0000000008008b3c        0x4 c:/st/stm32cubeide_1.8.0/stm32cubeide/plugins/com.st.stm32cube.ide.mcu.externaltools.gnu-tools-for-stm32.9-2020-q2-update.win32_2.0.0.202105311346/tools/bin/../lib/gcc/arm-none-eabi/9.3.1/thumb/v6-m/nofp/crti.o
                0x0000000008008b3c                _fini
 .fini          0x0000000008008b40        0x8 c:/st/stm32cubeide_1.8.0/stm32cubeide/plugins/com.st.stm32cube.ide.mcu.externaltools.gnu-tools-for-stm32.9-2020-q2-update.win32_2.0.0.202105311346/tools/bin/../lib/gcc/arm-none-eabi/9.3.1/thumb/v6-m/nofp/crtn.o
                0x0000000008008b48                . = ALIGN (0x4)
                0x0000000008008b48                _etext = .

.vfp11_veneer   0x0000000008008b48        0x0
 .vfp11_veneer  0x0000000008008b48        0x0 linker stubs

.v4_bx          0x0000000008008b48        0x0
 .v4_bx         0x0000000008008b48        0x0 linker stubs

.iplt           0x0000000008008b48        0x0
 .iplt          0x0000000008008b48        0x0 c:/st/stm32cubeide_1.8.0/stm32cubeide/plugins/com.st.stm32cube.ide.mcu.externaltools.gnu-tools-for-stm32.9-2020-q2-update.win32_2.0.0.202105311346/tools/bin/../lib/gcc/arm-none-eabi/9.3.1/thumb/v6-m/nofp/crtbegin.o

.rodata         0x0000000008008b48      0x514
                0x0000000008008b48                . = ALIGN (0x4)
 *(.rodata)
 .rodata        0x0000000008008b48        0xa ./Application/App/subghz_phy_app.o
                0x0000000008008b48                PongMsg
                0x0000000008008b4d                PingMsg
 *fill*         0x0000000008008b52        0x2 
 .rodata        0x0000000008008b54       0x58 ./Application/Core/rtc_if.o
                0x0000000008008b6c                UTIL_SYSTIMDriver
                0x0000000008008b80                UTIL_TimerDriver
 .rodata        0x0000000008008bac       0x18 ./Application/Core/stm32_lpm_if.o
                0x0000000008008bac                UTIL_PowerDriver
 .rodata        0x0000000008008bc4       0x18 ./Application/Core/usart_if.o
                0x0000000008008bc4                UTIL_TraceDriver
 .rodata        0x0000000008008bdc       0x20 ./Application/Target/b_l072z_lrwan1_bus.o
 .rodata        0x0000000008008bfc        0xc ./Drivers/BSP/B-L072Z-LRWAN1/b-l072z-lrwan1.o
                0x0000000008008bfc                LED_PIN
                0x0000000008008c04                BUTTON_IRQn
                0x0000000008008c06                BUTTON_PIN
 .rodata        0x0000000008008c08       0x21 ./Drivers/CMSIS/system_stm32l0xx.o
                0x0000000008008c08                PLLMulTable
                0x0000000008008c11                AHBPrescTable
                0x0000000008008c21                APBPrescTable
 .rodata        0x0000000008008c29       0x10 ./Drivers/STM32L0xx_HAL_Driver/stm32l0xx_hal_uart.o
 *fill*         0x0000000008008c39        0x3 
 .rodata        0x0000000008008c3c      0x158 ./Middlewares/SubGHz_Phy/radio.o
                0x0000000008008c40                Bandwidths
                0x0000000008008c78                FskBandwidths
                0x0000000008008d28                Radio
 .rodata        0x0000000008008d94       0x11 ./Middlewares/SubGHz_Phy/sx126x.o
 .rodata        0x0000000008008da5       0x10 ./Utilities/stm32_seq.o
 *fill*         0x0000000008008db5        0x3 
 .rodata        0x0000000008008db8       0x40 c:/st/stm32cubeide_1.8.0/stm32cubeide/plugins/com.st.stm32cube.ide.mcu.externaltools.gnu-tools-for-stm32.9-2020-q2-update.win32_2.0.0.202105311346/tools/bin/../lib/gcc/arm-none-eabi/9.3.1/thumb/v6-m/nofp\libgcc.a(divdf3.o)
 .rodata        0x0000000008008df8       0x40 c:/st/stm32cubeide_1.8.0/stm32cubeide/plugins/com.st.stm32cube.ide.mcu.externaltools.gnu-tools-for-stm32.9-2020-q2-update.win32_2.0.0.202105311346/tools/bin/../lib/gcc/arm-none-eabi/9.3.1/thumb/v6-m/nofp\libgcc.a(muldf3.o)
 *(.rodata*)
 .rodata.str1.1
                0x0000000008008e38       0xd2 ./Application/App/subghz_phy_app.o
                                         0xdd (size before relaxing)
 .rodata.str1.1
                0x0000000008008f0a       0x26 ./Application/Core/main.o
 .rodata.str1.1
                0x0000000008008f30        0x9 ./Application/Core/sys_app.o
 .rodata.str1.1
                0x0000000008008f39       0x35 ./Middlewares/SubGHz_Phy/radio.o
 .rodata.cst1   0x0000000008008f6e        0x2 ./Middlewares/SubGHz_Phy/sx126x.o
 .rodata.str1.1
                0x0000000008008f70       0x51 ./Utilities/stm32_tiny_vsnprintf.o
 *fill*         0x0000000008008fc1        0x3 
 .rodata._global_impure_ptr
                0x0000000008008fc4        0x4 c:/st/stm32cubeide_1.8.0/stm32cubeide/plugins/com.st.stm32cube.ide.mcu.externaltools.gnu-tools-for-stm32.9-2020-q2-update.win32_2.0.0.202105311346/tools/bin/../lib/gcc/arm-none-eabi/9.3.1/../../../../arm-none-eabi/lib/thumb/v6-m/nofp\libc_nano.a(lib_a-impure.o)
                0x0000000008008fc4                _global_impure_ptr
 .rodata.__sf_fake_stderr