stm32l0xx_it.c:77:6:NMI_Handler	0	static
stm32l0xx_it.c:90:6:HardFault_Handler	0	static,ignoring_inline_asm
stm32l0xx_it.c:106:6:MemManage_Handler	0	static
stm32l0xx_it.c:121:6:BusFault_Handler	0	static
stm32l0xx_it.c:136:6:UsageFault_Handler	0	static
stm32l0xx_it.c:151:6:SVC_Handler	0	static
stm32l0xx_it.c:164:6:DebugMon_Handler	0	static
stm32l0xx_it.c:177:6:PendSV_Handler	0	static
stm32l0xx_it.c:190:6:SysTick_Handler	8	static
stm32l0xx_it.c:217:6:EXTI0_1_IRQHandler	8	static
stm32l0xx_it.c:222:6:EXTI2_3_IRQHandler	0	static
stm32l0xx_it.c:229:6:EXTI4_15_IRQHandler	0	static
stm32l0xx_it.c:259:6:DMA1_Channel4_5_6_7_IRQHandler	8	static
stm32l0xx_it.c:290:8:USART2_IRQHandler	8	static
stm32l0xx_it.c:303:6:RTC_IRQHandler	8	static
